Program Version,EnergyPlus, Version 23.2.0-7636e6b3e9, YMD=2025.08.08 02:55,
   ** Warning ** Sizing:Parameters: note Timesteps in Averaging Window entered value=[2] is less than 1 hour (i.e., 6 timesteps).
   ************* Beginning Zone Sizing Calculations
   ** Warning ** Site:GroundTemperature:BuildingSurface: Some values fall outside the range of 15-25C.
   **   ~~~   ** These values may be inappropriate.  Please consult the Input Output Reference for more details.
   ** Warning ** Weather file location will be used rather than entered (IDF) Location object.
   **   ~~~   ** ..Location object=SITE (01-01:31-12)  (01-01:31-12)
   **   ~~~   ** ..Weather File Location=SINGAPORE - SGP IWEC Data WMO#=486980
   **   ~~~   ** ..due to location differences, Latitude difference=[0.00] degrees, Longitude difference=[0.00] degrees.
   **   ~~~   ** ..Time Zone difference=[1.0] hour(s), Elevation difference=[0.00] percent, [0.00] meters.
   ** Warning ** GetSurfaceData: Construction PROJECT PARTITION of interzone surface 1FFIRSTFLOOREAST:OPENOFFICE_PARTITION_1_0_0 does not have the same materials in the reverse order as the construction PROJECT PARTITION_REV of adjacent surface ATRIUMRECEPTION:RECEPTION_PARTITION_1_0_10001
   **   ~~~   ** or the properties of the reversed layers are not correct due to differing layer front and back side values
   **   ~~~   ** ...but Nominal U values are similar, diff=[0.0000] ... simulation proceeds.
   **   ~~~   ** ...if the two zones are expected to have significantly different temperatures, the proper "reverse" construction should be created.
   **   ~~~   ** ...this problem for this pair will not be reported again.
   ** Warning ** GetSurfaceData: There are 54 window/glass door(s) that may cause inaccurate shadowing due to Solar Distribution.
   **   ~~~   ** For explicit details on each window, use Output:Diagnostics,DisplayExtraWarnings;
   ** Warning ** CalculateZoneVolume: 2 zones are not fully enclosed. For more details use:  Output:Diagnostics,DisplayExtrawarnings; 
   ** Warning ** CheckUsedConstructions: There are 6 nominally unused constructions in input.
   **   ~~~   ** For explicit details on each unused construction, use Output:Diagnostics,DisplayExtraWarnings;
   ** Warning ** GetInternalHeatGains: People="PEOPLE 1FFIRSTFLOOREAST:OPENOFFICE" has comfort related schedules but no thermal comfort model selected.
   **   ~~~   ** If schedules are specified for air velocity, clothing insulation, and/or work efficiency but no thermal comfort
   **   ~~~   ** thermal comfort model is selected, the schedules will be listed as unused schedules in the .err file.
   **   ~~~   ** To avoid these errors, select a valid thermal comfort model or eliminate these schedules in the PEOPLE input.
   ** Warning ** GetInternalHeatGains: People="PEOPLE 1FFIRSTFLOORWEST:OPENOFFICE" has comfort related schedules but no thermal comfort model selected.
   **   ~~~   ** If schedules are specified for air velocity, clothing insulation, and/or work efficiency but no thermal comfort
   **   ~~~   ** thermal comfort model is selected, the schedules will be listed as unused schedules in the .err file.
   **   ~~~   ** To avoid these errors, select a valid thermal comfort model or eliminate these schedules in the PEOPLE input.
   ** Warning ** GetInternalHeatGains: People="PEOPLE 0FGROUNDFLOORWEST:OPENOFFICE" has comfort related schedules but no thermal comfort model selected.
   **   ~~~   ** If schedules are specified for air velocity, clothing insulation, and/or work efficiency but no thermal comfort
   **   ~~~   ** thermal comfort model is selected, the schedules will be listed as unused schedules in the .err file.
   **   ~~~   ** To avoid these errors, select a valid thermal comfort model or eliminate these schedules in the PEOPLE input.
   ** Warning ** GetInternalHeatGains: People="PEOPLE 0FGROUNDFLOOREAST:OPENOFFICE" has comfort related schedules but no thermal comfort model selected.
   **   ~~~   ** If schedules are specified for air velocity, clothing insulation, and/or work efficiency but no thermal comfort
   **   ~~~   ** thermal comfort model is selected, the schedules will be listed as unused schedules in the .err file.
   **   ~~~   ** To avoid these errors, select a valid thermal comfort model or eliminate these schedules in the PEOPLE input.
   ** Warning ** GetInternalHeatGains: People="PEOPLE CORECIRCULATION:CIRCULATION" has comfort related schedules but no thermal comfort model selected.
   **   ~~~   ** If schedules are specified for air velocity, clothing insulation, and/or work efficiency but no thermal comfort
   **   ~~~   ** thermal comfort model is selected, the schedules will be listed as unused schedules in the .err file.
   **   ~~~   ** To avoid these errors, select a valid thermal comfort model or eliminate these schedules in the PEOPLE input.
   ** Warning ** GetInternalHeatGains: People="PEOPLE ATRIUMRECEPTION:RECEPTION" has comfort related schedules but no thermal comfort model selected.
   **   ~~~   ** If schedules are specified for air velocity, clothing insulation, and/or work efficiency but no thermal comfort
   **   ~~~   ** thermal comfort model is selected, the schedules will be listed as unused schedules in the .err file.
   **   ~~~   ** To avoid these errors, select a valid thermal comfort model or eliminate these schedules in the PEOPLE input.
   ** Warning ** GetInternalHeatGains: People="PEOPLE 1FFIRSTFLOOREAST1:OPENOFFICE" has comfort related schedules but no thermal comfort model selected.
   **   ~~~   ** If schedules are specified for air velocity, clothing insulation, and/or work efficiency but no thermal comfort
   **   ~~~   ** thermal comfort model is selected, the schedules will be listed as unused schedules in the .err file.
   **   ~~~   ** To avoid these errors, select a valid thermal comfort model or eliminate these schedules in the PEOPLE input.
   ** Warning ** GetInternalHeatGains: People="PEOPLE 1FFIRSTFLOORWEST1:OPENOFFICE" has comfort related schedules but no thermal comfort model selected.
   **   ~~~   ** If schedules are specified for air velocity, clothing insulation, and/or work efficiency but no thermal comfort
   **   ~~~   ** thermal comfort model is selected, the schedules will be listed as unused schedules in the .err file.
   **   ~~~   ** To avoid these errors, select a valid thermal comfort model or eliminate these schedules in the PEOPLE input.
   ** Warning ** GetInternalHeatGains: People="PEOPLE 0FGROUNDFLOORWEST1:OPENOFFICE" has comfort related schedules but no thermal comfort model selected.
   **   ~~~   ** If schedules are specified for air velocity, clothing insulation, and/or work efficiency but no thermal comfort
   **   ~~~   ** thermal comfort model is selected, the schedules will be listed as unused schedules in the .err file.
   **   ~~~   ** To avoid these errors, select a valid thermal comfort model or eliminate these schedules in the PEOPLE input.
   ** Warning ** GetInternalHeatGains: People="PEOPLE 0FGROUNDFLOOREAST1:OPENOFFICE" has comfort related schedules but no thermal comfort model selected.
   **   ~~~   ** If schedules are specified for air velocity, clothing insulation, and/or work efficiency but no thermal comfort
   **   ~~~   ** thermal comfort model is selected, the schedules will be listed as unused schedules in the .err file.
   **   ~~~   ** To avoid these errors, select a valid thermal comfort model or eliminate these schedules in the PEOPLE input.
   ** Warning ** GetInternalHeatGains: People="PEOPLE CORECIRCULATION1:CIRCULATION" has comfort related schedules but no thermal comfort model selected.
   **   ~~~   ** If schedules are specified for air velocity, clothing insulation, and/or work efficiency but no thermal comfort
   **   ~~~   ** thermal comfort model is selected, the schedules will be listed as unused schedules in the .err file.
   **   ~~~   ** To avoid these errors, select a valid thermal comfort model or eliminate these schedules in the PEOPLE input.
   ** Warning ** GetInternalHeatGains: People="PEOPLE ATRIUMRECEPTION1:RECEPTION" has comfort related schedules but no thermal comfort model selected.
   **   ~~~   ** If schedules are specified for air velocity, clothing insulation, and/or work efficiency but no thermal comfort
   **   ~~~   ** thermal comfort model is selected, the schedules will be listed as unused schedules in the .err file.
   **   ~~~   ** To avoid these errors, select a valid thermal comfort model or eliminate these schedules in the PEOPLE input.
   ** Warning ** GetInternalHeatGains: People="PEOPLE BLOCK1:ZONE1" has comfort related schedules but no thermal comfort model selected.
   **   ~~~   ** If schedules are specified for air velocity, clothing insulation, and/or work efficiency but no thermal comfort
   **   ~~~   ** thermal comfort model is selected, the schedules will be listed as unused schedules in the .err file.
   **   ~~~   ** To avoid these errors, select a valid thermal comfort model or eliminate these schedules in the PEOPLE input.
   ** Warning ** GeneratorController constructor ElectricLoadCenter:Generators, Availability Schedule for Generator:Photovoltaics 'SOLAR COLLECTOR 1' of Type PhotovoltaicPerformance:Simple will be be ignored (runs all the time).
   **   ~~~   ** To limit this Generator:Photovoltaic's output, please use the Inverter's availability schedule instead.
   ** Warning ** GeneratorController constructor ElectricLoadCenter:Generators, Availability Schedule for Generator:Photovoltaics 'SOLAR COLLECTOR 2' of Type PhotovoltaicPerformance:Simple will be be ignored (runs all the time).
   **   ~~~   ** To limit this Generator:Photovoltaic's output, please use the Inverter's availability schedule instead.
   ** Warning ** GeneratorController constructor ElectricLoadCenter:Generators, Availability Schedule for Generator:Photovoltaics 'SOLAR COLLECTOR 3' of Type PhotovoltaicPerformance:Simple will be be ignored (runs all the time).
   **   ~~~   ** To limit this Generator:Photovoltaic's output, please use the Inverter's availability schedule instead.
   ** Warning ** GeneratorController constructor ElectricLoadCenter:Generators, Availability Schedule for Generator:Photovoltaics 'SOLAR COLLECTOR 4' of Type PhotovoltaicPerformance:Simple will be be ignored (runs all the time).
   **   ~~~   ** To limit this Generator:Photovoltaic's output, please use the Inverter's availability schedule instead.
   ** Warning ** Calculated design heating load for zone=1FFIRSTFLOOREAST:OPENOFFICE is zero.
   **   ~~~   ** Check Sizing:Zone and ZoneControl:Thermostat inputs.
   ** Warning ** Calculated design heating load for zone=1FFIRSTFLOORWEST:OPENOFFICE is zero.
   **   ~~~   ** Check Sizing:Zone and ZoneControl:Thermostat inputs.
   ** Warning ** Calculated design heating load for zone=0FGROUNDFLOORWEST:OPENOFFICE is zero.
   **   ~~~   ** Check Sizing:Zone and ZoneControl:Thermostat inputs.
   ** Warning ** Calculated design heating load for zone=0FGROUNDFLOOREAST:OPENOFFICE is zero.
   **   ~~~   ** Check Sizing:Zone and ZoneControl:Thermostat inputs.
   ** Warning ** Calculated design heating load for zone=CORECIRCULATION:CIRCULATION is zero.
   **   ~~~   ** Check Sizing:Zone and ZoneControl:Thermostat inputs.
   ** Warning ** Calculated design heating load for zone=ATRIUMRECEPTION:RECEPTION is zero.
   **   ~~~   ** Check Sizing:Zone and ZoneControl:Thermostat inputs.
   ** Warning ** Calculated design heating load for zone=1FFIRSTFLOOREAST1:OPENOFFICE is zero.
   **   ~~~   ** Check Sizing:Zone and ZoneControl:Thermostat inputs.
   ** Warning ** Calculated design heating load for zone=1FFIRSTFLOORWEST1:OPENOFFICE is zero.
   **   ~~~   ** Check Sizing:Zone and ZoneControl:Thermostat inputs.
   ** Warning ** Calculated design heating load for zone=0FGROUNDFLOORWEST1:OPENOFFICE is zero.
   **   ~~~   ** Check Sizing:Zone and ZoneControl:Thermostat inputs.
   ** Warning ** Calculated design heating load for zone=0FGROUNDFLOOREAST1:OPENOFFICE is zero.
   **   ~~~   ** Check Sizing:Zone and ZoneControl:Thermostat inputs.
   ** Warning ** Calculated design heating load for zone=CORECIRCULATION1:CIRCULATION is zero.
   **   ~~~   ** Check Sizing:Zone and ZoneControl:Thermostat inputs.
   ** Warning ** Calculated design heating load for zone=ATRIUMRECEPTION1:RECEPTION is zero.
   **   ~~~   ** Check Sizing:Zone and ZoneControl:Thermostat inputs.
   ************* Beginning System Sizing Calculations
   ** Warning ** Since Zone Minimum Air Flow Input Method = CONSTANT, input for Fixed Minimum Air Flow Rate will be ignored.
   **   ~~~   ** Occurs in AirTerminal:SingleDuct:VAV:NoReheat = 1FFIRSTFLOOREAST:OPENOFFICE SINGLE DUCT VAV NO REHEAT
   ** Warning ** Since Zone Minimum Air Flow Input Method = CONSTANT, input for Fixed Minimum Air Flow Rate will be ignored.
   **   ~~~   ** Occurs in AirTerminal:SingleDuct:VAV:NoReheat = 1FFIRSTFLOORWEST:OPENOFFICE SINGLE DUCT VAV NO REHEAT
   ** Warning ** Since Zone Minimum Air Flow Input Method = CONSTANT, input for Fixed Minimum Air Flow Rate will be ignored.
   **   ~~~   ** Occurs in AirTerminal:SingleDuct:VAV:NoReheat = 0FGROUNDFLOORWEST:OPENOFFICE SINGLE DUCT VAV NO REHEAT
   ** Warning ** Since Zone Minimum Air Flow Input Method = CONSTANT, input for Fixed Minimum Air Flow Rate will be ignored.
   **   ~~~   ** Occurs in AirTerminal:SingleDuct:VAV:NoReheat = 0FGROUNDFLOOREAST:OPENOFFICE SINGLE DUCT VAV NO REHEAT
   ** Warning ** Since Zone Minimum Air Flow Input Method = CONSTANT, input for Fixed Minimum Air Flow Rate will be ignored.
   **   ~~~   ** Occurs in AirTerminal:SingleDuct:VAV:NoReheat = CORECIRCULATION:CIRCULATION SINGLE DUCT VAV NO REHEAT
   ** Warning ** Since Zone Minimum Air Flow Input Method = CONSTANT, input for Fixed Minimum Air Flow Rate will be ignored.
   **   ~~~   ** Occurs in AirTerminal:SingleDuct:VAV:NoReheat = ATRIUMRECEPTION:RECEPTION SINGLE DUCT VAV NO REHEAT
   ** Warning ** Since Zone Minimum Air Flow Input Method = CONSTANT, input for Fixed Minimum Air Flow Rate will be ignored.
   **   ~~~   ** Occurs in AirTerminal:SingleDuct:VAV:NoReheat = 1FFIRSTFLOOREAST1:OPENOFFICE SINGLE DUCT VAV NO REHEAT
   ** Warning ** Since Zone Minimum Air Flow Input Method = CONSTANT, input for Fixed Minimum Air Flow Rate will be ignored.
   **   ~~~   ** Occurs in AirTerminal:SingleDuct:VAV:NoReheat = 1FFIRSTFLOORWEST1:OPENOFFICE SINGLE DUCT VAV NO REHEAT
   ** Warning ** Since Zone Minimum Air Flow Input Method = CONSTANT, input for Fixed Minimum Air Flow Rate will be ignored.
   **   ~~~   ** Occurs in AirTerminal:SingleDuct:VAV:NoReheat = 0FGROUNDFLOORWEST1:OPENOFFICE SINGLE DUCT VAV NO REHEAT
   ** Warning ** Since Zone Minimum Air Flow Input Method = CONSTANT, input for Fixed Minimum Air Flow Rate will be ignored.
   **   ~~~   ** Occurs in AirTerminal:SingleDuct:VAV:NoReheat = 0FGROUNDFLOOREAST1:OPENOFFICE SINGLE DUCT VAV NO REHEAT
   ** Warning ** Since Zone Minimum Air Flow Input Method = CONSTANT, input for Fixed Minimum Air Flow Rate will be ignored.
   **   ~~~   ** Occurs in AirTerminal:SingleDuct:VAV:NoReheat = CORECIRCULATION1:CIRCULATION SINGLE DUCT VAV NO REHEAT
   ** Warning ** Since Zone Minimum Air Flow Input Method = CONSTANT, input for Fixed Minimum Air Flow Rate will be ignored.
   **   ~~~   ** Occurs in AirTerminal:SingleDuct:VAV:NoReheat = ATRIUMRECEPTION1:RECEPTION SINGLE DUCT VAV NO REHEAT
   ** Warning ** ManageSizing: Calculated Heating Design Air Flow Rate for System=AIR LOOP is zero.
   **   ~~~   ** Check Sizing:Zone and ZoneControl:Thermostat inputs.
   ************* Beginning Plant Sizing Calculations
   ** Warning ** Error when autosizing the load for cooling tower = COOLING TOWER. Tower Design Range Temperature is different from the Design Loop Delta Temperature.
   **   ~~~   ** Tower Design Range Temperature specified in tower = COOLING TOWER
   **   ~~~   ** is inconsistent with Design Loop Delta Temperature specified in Sizing:Plant object = CONDENSER LOOP.
   **   ~~~   ** ..The Design Range Temperature specified in tower is = 5.60
   **   ~~~   ** ..The Design Loop Delta Temperature specified in plant sizing data is = 5.00
   ** Warning ** Error when autosizing the UA for cooling tower = COOLING TOWER. Tower Design Approach Temperature is inconsistent with Approach from Plant Sizing Data.
   **   ~~~   ** The Design Approach Temperature from inputs specified in Sizing:Plant object = CONDENSER LOOP
   **   ~~~   ** is inconsistent with Design Approach Temperature specified in tower = COOLING TOWER.
   **   ~~~   ** ..The Design Approach Temperature from inputs specified is = 3.40
   **   ~~~   ** ..The Design Approach Temperature specified in tower is = 3.90
   ** Warning ** Error when autosizing the load for cooling tower = COOLING TOWER. Tower Design Range Temperature is different from the Design Loop Delta Temperature.
   **   ~~~   ** Tower Design Range Temperature specified in tower = COOLING TOWER
   **   ~~~   ** is inconsistent with Design Loop Delta Temperature specified in Sizing:Plant object = CONDENSER LOOP.
   **   ~~~   ** ..The Design Range Temperature specified in tower is = 5.60
   **   ~~~   ** ..The Design Loop Delta Temperature specified in plant sizing data is = 5.00
   ** Warning ** Error when autosizing the UA for cooling tower = COOLING TOWER. Tower Design Approach Temperature is inconsistent with Approach from Plant Sizing Data.
   **   ~~~   ** The Design Approach Temperature from inputs specified in Sizing:Plant object = CONDENSER LOOP
   **   ~~~   ** is inconsistent with Design Approach Temperature specified in tower = COOLING TOWER.
   **   ~~~   ** ..The Design Approach Temperature from inputs specified is = 3.40
   **   ~~~   ** ..The Design Approach Temperature specified in tower is = 3.90
   ** Warning ** Error when autosizing the load for cooling tower = COOLING TOWER. Tower Design Range Temperature is different from the Design Loop Delta Temperature.
   **   ~~~   ** Tower Design Range Temperature specified in tower = COOLING TOWER
   **   ~~~   ** is inconsistent with Design Loop Delta Temperature specified in Sizing:Plant object = CONDENSER LOOP.
   **   ~~~   ** ..The Design Range Temperature specified in tower is = 5.60
   **   ~~~   ** ..The Design Loop Delta Temperature specified in plant sizing data is = 5.00
   ** Warning ** Error when autosizing the UA for cooling tower = COOLING TOWER. Tower Design Approach Temperature is inconsistent with Approach from Plant Sizing Data.
   **   ~~~   ** The Design Approach Temperature from inputs specified in Sizing:Plant object = CONDENSER LOOP
   **   ~~~   ** is inconsistent with Design Approach Temperature specified in tower = COOLING TOWER.
   **   ~~~   ** ..The Design Approach Temperature from inputs specified is = 3.40
   **   ~~~   ** ..The Design Approach Temperature specified in tower is = 3.90
   ** Warning ** Error when autosizing the load for cooling tower = COOLING TOWER. Tower Design Range Temperature is different from the Design Loop Delta Temperature.
   **   ~~~   ** Tower Design Range Temperature specified in tower = COOLING TOWER
   **   ~~~   ** is inconsistent with Design Loop Delta Temperature specified in Sizing:Plant object = CONDENSER LOOP.
   **   ~~~   ** ..The Design Range Temperature specified in tower is = 5.60
   **   ~~~   ** ..The Design Loop Delta Temperature specified in plant sizing data is = 5.00
   ** Warning ** Error when autosizing the UA for cooling tower = COOLING TOWER. Tower Design Approach Temperature is inconsistent with Approach from Plant Sizing Data.
   **   ~~~   ** The Design Approach Temperature from inputs specified in Sizing:Plant object = CONDENSER LOOP
   **   ~~~   ** is inconsistent with Design Approach Temperature specified in tower = COOLING TOWER.
   **   ~~~   ** ..The Design Approach Temperature from inputs specified is = 3.40
   **   ~~~   ** ..The Design Approach Temperature specified in tower is = 3.90
   ** Warning ** Error when autosizing the load for cooling tower = COOLING TOWER. Tower Design Range Temperature is different from the Design Loop Delta Temperature.
   **   ~~~   ** Tower Design Range Temperature specified in tower = COOLING TOWER
   **   ~~~   ** is inconsistent with Design Loop Delta Temperature specified in Sizing:Plant object = CONDENSER LOOP.
   **   ~~~   ** ..The Design Range Temperature specified in tower is = 5.60
   **   ~~~   ** ..The Design Loop Delta Temperature specified in plant sizing data is = 5.00
   ** Warning ** Error when autosizing the UA for cooling tower = COOLING TOWER. Tower Design Approach Temperature is inconsistent with Approach from Plant Sizing Data.
   **   ~~~   ** The Design Approach Temperature from inputs specified in Sizing:Plant object = CONDENSER LOOP
   **   ~~~   ** is inconsistent with Design Approach Temperature specified in tower = COOLING TOWER.
   **   ~~~   ** ..The Design Approach Temperature from inputs specified is = 3.40
   **   ~~~   ** ..The Design Approach Temperature specified in tower is = 3.90
   ************* Testing Individual Branch Integrity
   ************* All Branches passed integrity testing
   ************* Testing Individual Supply Air Path Integrity
   ************* All Supply Air Paths passed integrity testing
   ************* Testing Individual Return Air Path Integrity
   ************* All Return Air Paths passed integrity testing
   ************* No node connection errors were found.
   ************* Beginning Simulation
   ************* Simulation Error Summary *************
   ** Warning ** The following Report Variables were requested but not generated -- check.rdd file
   **   ~~~   ** Either the IDF did not contain these elements, the variable name is misspelled,
   **   ~~~   ** or the requested variable is an advanced output which requires Output : Diagnostics, DisplayAdvancedReportVariables;
   ************* Key=Block1:Zone1, VarName=ZONE MECHANICAL VENTILATION AIR CHANGES PER HOUR, Frequency=Hourly
   ************* Key=Block1:Zone1, VarName=ZONE MECHANICAL VENTILATION AIR CHANGES PER HOUR, Frequency=Daily
   ************* Key=Block1:Zone1, VarName=ZONE MECHANICAL VENTILATION AIR CHANGES PER HOUR, Frequency=Monthly
   ************* Key=Block1:Zone1, VarName=ZONE MECHANICAL VENTILATION AIR CHANGES PER HOUR, Frequency=
   ************* Key=*, VarName=HEATING COIL ELECTRICITY ENERGY, Frequency=Hourly
   ************* Key=*, VarName=HEATING COIL NATURALGAS ENERGY, Frequency=Hourly
   ************* Key=*, VarName=HEATING COIL DEFROST ELECTRICITY ENERGY, Frequency=Hourly
   ************* Key=*, VarName=HEATING COIL CRANKCASE HEATER ELECTRICITY ENERGY, Frequency=Hourly
   ************* Key=*, VarName=COOLING COIL ELECTRICITY ENERGY, Frequency=Hourly
   ************* Key=*, VarName=HEATING COIL TOTAL HEATING RATE, Frequency=Hourly
   ************* Key=*, VarName=HEATING COIL AIR HEATING RATE, Frequency=Hourly
   ************* Key=*, VarName=ZONE AIR TERMINAL BEAM SENSIBLE COOLING RATE, Frequency=Hourly
   ************* Key=*, VarName=ZONE AIR TERMINAL BEAM CHILLED WATER ENERGY, Frequency=Hourly
   ************* Key=*, VarName=ZONE RADIANT HVAC ELECTRICITY RATE, Frequency=Hourly
   ************* Key=*, VarName=ZONE RADIANT HVAC HEATING RATE, Frequency=Hourly
   ************* Key=*, VarName=BOILER ELECTRICITY RATE, Frequency=Hourly
   ************* Key=*, VarName=BOILER PROPANE RATE, Frequency=Hourly
   ************* Key=*, VarName=BOILER FUELOILNO1 RATE, Frequency=Hourly
   ************* Key=*, VarName=BOILER FUELOILNO2 RATE, Frequency=Hourly
   ************* Key=*, VarName=BOILER COAL RATE, Frequency=Hourly
   ************* Key=*, VarName=BOILER DIESEL RATE, Frequency=Hourly
   ************* Key=*, VarName=BOILER GASOLINE RATE, Frequency=Hourly
   ************* Key=*, VarName=BOILER OTHERFUEL1 RATE, Frequency=Hourly
   ************* Key=*, VarName=BOILER OTHERFUEL2 RATE, Frequency=Hourly
   ************* Key=*, VarName=EVAPORATIVE COOLER ELECTRICITY RATE, Frequency=Hourly
   ************* Key=*, VarName=HEAT PUMP ELECTRIC POWER, Frequency=Hourly
   ************* Key=*, VarName=HEAT PUMP ELECTRICITY RATE, Frequency=Hourly
   ************* Key=*, VarName=COOLING COIL WATER HEATING ELECTRICITY RATE, Frequency=Hourly
   ************* Key=*, VarName=COOLING COIL CRANKCASE HEATER ELECTRICITY RATE, Frequency=Hourly
   ************* Key=*, VarName=WATER HEATER TANK TEMPERATURE, Frequency=Hourly
   ************* Key=*, VarName=CHILLER CONDENSER FAN ELECTRICITY RATE, Frequency=Hourly
   ************* Key=*, VarName=CHILLER SOURCE STEAM RATE, Frequency=Hourly
   ************* Key=*, VarName=COOLING TOWER FAN SPEED LEVEL, Frequency=Hourly
   ************* Key=*, VarName=COOLING TOWER FAN SPEED RATIO, Frequency=Hourly
   ************* Key=*, VarName=COOLING TOWER FAN PART LOAD RATIO, Frequency=Hourly
   ************* Key=*, VarName=COOLING TOWER AIR FLOW RATE RATIO, Frequency=Hourly
   ************* Key=*, VarName=HEATING COIL NATURALGAS RATE, Frequency=Hourly
   ************* Key=*, VarName=HEATING COIL ANCILLARY NATURALGAS RATE, Frequency=Hourly
   ************* Key=*, VarName=HEATING COIL PROPANE RATE, Frequency=Hourly
   ************* Key=*, VarName=HEATING COIL ANCILLARY PROPANE RATE, Frequency=Hourly
   ************* Key=*, VarName=HEATING COIL DIESEL RATE, Frequency=Hourly
   ************* Key=*, VarName=HEATING COIL ANCILLARY DIESEL RATE, Frequency=Hourly
   ************* Key=*, VarName=HEATING COIL GASOLINE RATE, Frequency=Hourly
   ************* Key=*, VarName=HEATING COIL ANCILLARY GASOLINE RATE, Frequency=Hourly
   ************* Key=*, VarName=HEATING COIL COAL RATE, Frequency=Hourly
   ************* Key=*, VarName=HEATING COIL ANCILLARY COAL RATE, Frequency=Hourly
   ************* Key=*, VarName=HEATING COIL FUELOILNO1 RATE, Frequency=Hourly
   ************* Key=*, VarName=HEATING COIL ANCILLARY FUELOILNO1 RATE, Frequency=Hourly
   ************* Key=*, VarName=HEATING COIL FUELOILNO2 RATE, Frequency=Hourly
   ************* Key=*, VarName=HEATING COIL ANCILLARY FUELOILNO2 RATE, Frequency=Hourly
   ************* Key=*, VarName=HEATING COIL OTHERFUEL1 RATE, Frequency=Hourly
   ************* Key=*, VarName=HEATING COIL ANCILLARY OTHERFUEL1 RATE, Frequency=Hourly
   ************* Key=*, VarName=HEATING COIL OTHERFUEL2 RATE, Frequency=Hourly
   ************* Key=*, VarName=HEATING COIL ANCILLARY OTHERFUEL2 RATE, Frequency=Hourly
   ************* Key=*, VarName=HEAT EXCHANGER SENSIBLE HEATING RATE, Frequency=Hourly
   ************* Key=*, VarName=HEAT EXCHANGER TOTAL HEATING RATE, Frequency=Hourly
   ************* Key=*, VarName=HEAT EXCHANGER SENSIBLE COOLING RATE, Frequency=Hourly
   ************* Key=*, VarName=HEAT EXCHANGER TOTAL COOLING RATE, Frequency=Hourly
   ************* Key=*, VarName=HUMIDIFIER ELECTRICITY RATE, Frequency=Hourly
   ************* Key=*, VarName=AIR LOOP DESICCANT DEHUMIDIFIER ELECTRICITY CONSUMPTION, Frequency=Hourly
   ************* Key=*, VarName=WATER USE EQUIPMENT HEATING RATE, Frequency=Hourly
   ************* Key=*, VarName=WATER HEATER ELECTRICITY RATE, Frequency=Hourly
   ************* Key=*, VarName=WATER HEATER NATURALGAS RATE, Frequency=Hourly
   ************* Key=*, VarName=WATER HEATER PROPANE RATE, Frequency=Hourly
   ************* Key=*, VarName=WATER HEATER FUELOILNO1 RATE, Frequency=Hourly
   ************* Key=*, VarName=WATER HEATER FUELOILNO2 RATE, Frequency=Hourly
   ************* Key=*, VarName=WATER HEATER COAL RATE, Frequency=Hourly
   ************* Key=*, VarName=WATER HEATER DIESEL RATE, Frequency=Hourly
   ************* Key=*, VarName=WATER HEATER GASOLINE RATE, Frequency=Hourly
   ************* Key=*, VarName=WATER HEATER STEAM RATE, Frequency=Hourly
   ************* Key=*, VarName=WATER HEATER DISTRICTHEATING RATE, Frequency=Hourly
   ************* Key=*, VarName=WATER HEATER OTHERFUEL1 RATE, Frequency=Hourly
   ************* Key=*, VarName=WATER HEATER OTHERFUEL2 RATE, Frequency=Hourly
   ************* Key=*, VarName=BASEBOARD ELECTRICITY RATE, Frequency=Hourly
   ************* Key=*, VarName=HEATING COIL ELECTRICITY ENERGY, Frequency=Daily
   ************* Key=*, VarName=HEATING COIL NATURALGAS ENERGY, Frequency=Daily
   ************* Key=*, VarName=HEATING COIL DEFROST ELECTRICITY ENERGY, Frequency=Daily
   ************* Key=*, VarName=HEATING COIL CRANKCASE HEATER ELECTRICITY ENERGY, Frequency=Daily
   ************* Key=*, VarName=COOLING COIL ELECTRICITY ENERGY, Frequency=Daily
   ************* Key=*, VarName=HEATING COIL TOTAL HEATING RATE, Frequency=Daily
   ************* Key=*, VarName=HEATING COIL AIR HEATING RATE, Frequency=Daily
   ************* Key=*, VarName=ZONE AIR TERMINAL BEAM SENSIBLE COOLING RATE, Frequency=Daily
   ************* Key=*, VarName=ZONE AIR TERMINAL BEAM CHILLED WATER ENERGY, Frequency=Daily
   ************* Key=*, VarName=ZONE RADIANT HVAC ELECTRICITY RATE, Frequency=Daily
   ************* Key=*, VarName=ZONE RADIANT HVAC HEATING RATE, Frequency=Daily
   ************* Key=*, VarName=BOILER ELECTRICITY RATE, Frequency=Daily
   ************* Key=*, VarName=BOILER PROPANE RATE, Frequency=Daily
   ************* Key=*, VarName=BOILER FUELOILNO1 RATE, Frequency=Daily
   ************* Key=*, VarName=BOILER FUELOILNO2 RATE, Frequency=Daily
   ************* Key=*, VarName=BOILER COAL RATE, Frequency=Daily
   ************* Key=*, VarName=BOILER DIESEL RATE, Frequency=Daily
   ************* Key=*, VarName=BOILER GASOLINE RATE, Frequency=Daily
   ************* Key=*, VarName=BOILER OTHERFUEL1 RATE, Frequency=Daily
   ************* Key=*, VarName=BOILER OTHERFUEL2 RATE, Frequency=Daily
   ************* Key=*, VarName=EVAPORATIVE COOLER ELECTRICITY RATE, Frequency=Daily
   ************* Key=*, VarName=HEAT PUMP ELECTRIC POWER, Frequency=Daily
   ************* Key=*, VarName=HEAT PUMP ELECTRICITY RATE, Frequency=Daily
   ************* Key=*, VarName=COOLING COIL WATER HEATING ELECTRICITY RATE, Frequency=Daily
   ************* Key=*, VarName=COOLING COIL CRANKCASE HEATER ELECTRICITY RATE, Frequency=Daily
   ************* Key=*, VarName=WATER HEATER TANK TEMPERATURE, Frequency=Daily
   ************* Key=*, VarName=CHILLER CONDENSER FAN ELECTRICITY RATE, Frequency=Daily
   ************* Key=*, VarName=CHILLER SOURCE STEAM RATE, Frequency=Daily
   ************* Key=*, VarName=COOLING TOWER FAN SPEED LEVEL, Frequency=Daily
   ************* Key=*, VarName=COOLING TOWER FAN SPEED RATIO, Frequency=Daily
   ************* Key=*, VarName=COOLING TOWER FAN PART LOAD RATIO, Frequency=Daily
   ************* Key=*, VarName=COOLING TOWER AIR FLOW RATE RATIO, Frequency=Daily
   ************* Key=*, VarName=HEATING COIL NATURALGAS RATE, Frequency=Daily
   ************* Key=*, VarName=HEATING COIL ANCILLARY NATURALGAS RATE, Frequency=Daily
   ************* Key=*, VarName=HEATING COIL PROPANE RATE, Frequency=Daily
   ************* Key=*, VarName=HEATING COIL ANCILLARY PROPANE RATE, Frequency=Daily
   ************* Key=*, VarName=HEATING COIL DIESEL RATE, Frequency=Daily
   ************* Key=*, VarName=HEATING COIL ANCILLARY DIESEL RATE, Frequency=Daily
   ************* Key=*, VarName=HEATING COIL GASOLINE RATE, Frequency=Daily
   ************* Key=*, VarName=HEATING COIL ANCILLARY GASOLINE RATE, Frequency=Daily
   ************* Key=*, VarName=HEATING COIL COAL RATE, Frequency=Daily
   ************* Key=*, VarName=HEATING COIL ANCILLARY COAL RATE, Frequency=Daily
   ************* Key=*, VarName=HEATING COIL FUELOILNO1 RATE, Frequency=Daily
   ************* Key=*, VarName=HEATING COIL ANCILLARY FUELOILNO1 RATE, Frequency=Daily
   ************* Key=*, VarName=HEATING COIL FUELOILNO2 RATE, Frequency=Daily
   ************* Key=*, VarName=HEATING COIL ANCILLARY FUELOILNO2 RATE, Frequency=Daily
   ************* Key=*, VarName=HEATING COIL OTHERFUEL1 RATE, Frequency=Daily
   ************* Key=*, VarName=HEATING COIL ANCILLARY OTHERFUEL1 RATE, Frequency=Daily
   ************* Key=*, VarName=HEATING COIL OTHERFUEL2 RATE, Frequency=Daily
   ************* Key=*, VarName=HEATING COIL ANCILLARY OTHERFUEL2 RATE, Frequency=Daily
   ************* Key=*, VarName=HEAT EXCHANGER SENSIBLE HEATING RATE, Frequency=Daily
   ************* Key=*, VarName=HEAT EXCHANGER TOTAL HEATING RATE, Frequency=Daily
   ************* Key=*, VarName=HEAT EXCHANGER SENSIBLE COOLING RATE, Frequency=Daily
   ************* Key=*, VarName=HEAT EXCHANGER TOTAL COOLING RATE, Frequency=Daily
   ************* Key=*, VarName=HUMIDIFIER ELECTRICITY RATE, Frequency=Daily
   ************* Key=*, VarName=AIR LOOP DESICCANT DEHUMIDIFIER ELECTRICITY CONSUMPTION, Frequency=Daily
   ************* Key=*, VarName=WATER USE EQUIPMENT HEATING RATE, Frequency=Daily
   ************* Key=*, VarName=WATER HEATER ELECTRICITY RATE, Frequency=Daily
   ************* Key=*, VarName=WATER HEATER NATURALGAS RATE, Frequency=Daily
   ************* Key=*, VarName=WATER HEATER PROPANE RATE, Frequency=Daily
   ************* Key=*, VarName=WATER HEATER FUELOILNO1 RATE, Frequency=Daily
   ************* Key=*, VarName=WATER HEATER FUELOILNO2 RATE, Frequency=Daily
   ************* Key=*, VarName=WATER HEATER COAL RATE, Frequency=Daily
   ************* Key=*, VarName=WATER HEATER DIESEL RATE, Frequency=Daily
   ************* Key=*, VarName=WATER HEATER GASOLINE RATE, Frequency=Daily
   ************* Key=*, VarName=WATER HEATER STEAM RATE, Frequency=Daily
   ************* Key=*, VarName=WATER HEATER DISTRICTHEATING RATE, Frequency=Daily
   ************* Key=*, VarName=WATER HEATER OTHERFUEL1 RATE, Frequency=Daily
   ************* Key=*, VarName=WATER HEATER OTHERFUEL2 RATE, Frequency=Daily
   ************* Key=*, VarName=BASEBOARD ELECTRICITY RATE, Frequency=Daily
   ************* Key=*, VarName=HEATING COIL ELECTRICITY ENERGY, Frequency=Monthly
   ************* Key=*, VarName=HEATING COIL NATURALGAS ENERGY, Frequency=Monthly
   ************* Key=*, VarName=HEATING COIL DEFROST ELECTRICITY ENERGY, Frequency=Monthly
   ************* Key=*, VarName=HEATING COIL CRANKCASE HEATER ELECTRICITY ENERGY, Frequency=Monthly
   ************* Key=*, VarName=COOLING COIL ELECTRICITY ENERGY, Frequency=Monthly
   ************* Key=*, VarName=HEATING COIL TOTAL HEATING RATE, Frequency=Monthly
   ************* Key=*, VarName=HEATING COIL AIR HEATING RATE, Frequency=Monthly
   ************* Key=*, VarName=ZONE AIR TERMINAL BEAM SENSIBLE COOLING RATE, Frequency=Monthly
   ************* Key=*, VarName=ZONE AIR TERMINAL BEAM CHILLED WATER ENERGY, Frequency=Monthly
   ************* Key=*, VarName=ZONE RADIANT HVAC ELECTRICITY RATE, Frequency=Monthly
   ************* Key=*, VarName=ZONE RADIANT HVAC HEATING RATE, Frequency=Monthly
   ************* Key=*, VarName=BOILER ELECTRICITY RATE, Frequency=Monthly
   ************* Key=*, VarName=BOILER PROPANE RATE, Frequency=Monthly
   ************* Key=*, VarName=BOILER FUELOILNO1 RATE, Frequency=Monthly
   ************* Key=*, VarName=BOILER FUELOILNO2 RATE, Frequency=Monthly
   ************* Key=*, VarName=BOILER COAL RATE, Frequency=Monthly
   ************* Key=*, VarName=BOILER DIESEL RATE, Frequency=Monthly
   ************* Key=*, VarName=BOILER GASOLINE RATE, Frequency=Monthly
   ************* Key=*, VarName=BOILER OTHERFUEL1 RATE, Frequency=Monthly
   ************* Key=*, VarName=BOILER OTHERFUEL2 RATE, Frequency=Monthly
   ************* Key=*, VarName=EVAPORATIVE COOLER ELECTRICITY RATE, Frequency=Monthly
   ************* Key=*, VarName=HEAT PUMP ELECTRIC POWER, Frequency=Monthly
   ************* Key=*, VarName=HEAT PUMP ELECTRICITY RATE, Frequency=Monthly
   ************* Key=*, VarName=COOLING COIL WATER HEATING ELECTRICITY RATE, Frequency=Monthly
   ************* Key=*, VarName=COOLING COIL CRANKCASE HEATER ELECTRICITY RATE, Frequency=Monthly
   ************* Key=*, VarName=WATER HEATER TANK TEMPERATURE, Frequency=Monthly
   ************* Key=*, VarName=CHILLER CONDENSER FAN ELECTRICITY RATE, Frequency=Monthly
   ************* Key=*, VarName=CHILLER SOURCE STEAM RATE, Frequency=Monthly
   ************* Key=*, VarName=COOLING TOWER FAN SPEED LEVEL, Frequency=Monthly
   ************* Key=*, VarName=COOLING TOWER FAN SPEED RATIO, Frequency=Monthly
   ************* Key=*, VarName=COOLING TOWER FAN PART LOAD RATIO, Frequency=Monthly
   ************* Key=*, VarName=COOLING TOWER AIR FLOW RATE RATIO, Frequency=Monthly
   ************* Key=*, VarName=HEATING COIL NATURALGAS RATE, Frequency=Monthly
   ************* Key=*, VarName=HEATING COIL ANCILLARY NATURALGAS RATE, Frequency=Monthly
   ************* Key=*, VarName=HEATING COIL PROPANE RATE, Frequency=Monthly
   ************* Key=*, VarName=HEATING COIL ANCILLARY PROPANE RATE, Frequency=Monthly
   ************* Key=*, VarName=HEATING COIL DIESEL RATE, Frequency=Monthly
   ************* Key=*, VarName=HEATING COIL ANCILLARY DIESEL RATE, Frequency=Monthly
   ************* Key=*, VarName=HEATING COIL GASOLINE RATE, Frequency=Monthly
   ************* Key=*, VarName=HEATING COIL ANCILLARY GASOLINE RATE, Frequency=Monthly
   ************* Key=*, VarName=HEATING COIL COAL RATE, Frequency=Monthly
   ************* Key=*, VarName=HEATING COIL ANCILLARY COAL RATE, Frequency=Monthly
   ************* Key=*, VarName=HEATING COIL FUELOILNO1 RATE, Frequency=Monthly
   ************* Key=*, VarName=HEATING COIL ANCILLARY FUELOILNO1 RATE, Frequency=Monthly
   ************* Key=*, VarName=HEATING COIL FUELOILNO2 RATE, Frequency=Monthly
   ************* Key=*, VarName=HEATING COIL ANCILLARY FUELOILNO2 RATE, Frequency=Monthly
   ************* Key=*, VarName=HEATING COIL OTHERFUEL1 RATE, Frequency=Monthly
   ************* Key=*, VarName=HEATING COIL ANCILLARY OTHERFUEL1 RATE, Frequency=Monthly
   ************* Key=*, VarName=HEATING COIL OTHERFUEL2 RATE, Frequency=Monthly
   ************* Key=*, VarName=HEATING COIL ANCILLARY OTHERFUEL2 RATE, Frequency=Monthly
   ************* Key=*, VarName=HEAT EXCHANGER SENSIBLE HEATING RATE, Frequency=Monthly
   ************* Key=*, VarName=HEAT EXCHANGER TOTAL HEATING RATE, Frequency=Monthly
   ************* Key=*, VarName=HEAT EXCHANGER SENSIBLE COOLING RATE, Frequency=Monthly
   ************* Key=*, VarName=HEAT EXCHANGER TOTAL COOLING RATE, Frequency=Monthly
   ************* Key=*, VarName=HUMIDIFIER ELECTRICITY RATE, Frequency=Monthly
   ************* Key=*, VarName=AIR LOOP DESICCANT DEHUMIDIFIER ELECTRICITY CONSUMPTION, Frequency=Monthly
   ************* Key=*, VarName=WATER USE EQUIPMENT HEATING RATE, Frequency=Monthly
   ************* Key=*, VarName=WATER HEATER ELECTRICITY RATE, Frequency=Monthly
   ************* Key=*, VarName=WATER HEATER NATURALGAS RATE, Frequency=Monthly
   ************* Key=*, VarName=WATER HEATER PROPANE RATE, Frequency=Monthly
   ************* Key=*, VarName=WATER HEATER FUELOILNO1 RATE, Frequency=Monthly
   ************* Key=*, VarName=WATER HEATER FUELOILNO2 RATE, Frequency=Monthly
   ************* Key=*, VarName=WATER HEATER COAL RATE, Frequency=Monthly
   ************* Key=*, VarName=WATER HEATER DIESEL RATE, Frequency=Monthly
   ************* Key=*, VarName=WATER HEATER GASOLINE RATE, Frequency=Monthly
   ************* Key=*, VarName=WATER HEATER STEAM RATE, Frequency=Monthly
   ************* Key=*, VarName=WATER HEATER DISTRICTHEATING RATE, Frequency=Monthly
   ************* Key=*, VarName=WATER HEATER OTHERFUEL1 RATE, Frequency=Monthly
   ************* Key=*, VarName=WATER HEATER OTHERFUEL2 RATE, Frequency=Monthly
   ************* Key=*, VarName=BASEBOARD ELECTRICITY RATE, Frequency=Monthly
   ************* Key=*, VarName=HEATING COIL ELECTRICITY ENERGY, Frequency=
   ************* Key=*, VarName=HEATING COIL NATURALGAS ENERGY, Frequency=
   ************* Key=*, VarName=HEATING COIL DEFROST ELECTRICITY ENERGY, Frequency=
   ************* Key=*, VarName=HEATING COIL CRANKCASE HEATER ELECTRICITY ENERGY, Frequency=
   ************* Key=*, VarName=COOLING COIL ELECTRICITY ENERGY, Frequency=
   ************* Key=*, VarName=HEATING COIL TOTAL HEATING RATE, Frequency=
   ************* Key=*, VarName=HEATING COIL AIR HEATING RATE, Frequency=
   ************* Key=*, VarName=ZONE AIR TERMINAL BEAM SENSIBLE COOLING RATE, Frequency=
   ************* Key=*, VarName=ZONE AIR TERMINAL BEAM CHILLED WATER ENERGY, Frequency=
   ************* Key=*, VarName=ZONE RADIANT HVAC ELECTRICITY RATE, Frequency=
   ************* Key=*, VarName=ZONE RADIANT HVAC HEATING RATE, Frequency=
   ************* Key=*, VarName=BOILER ELECTRICITY RATE, Frequency=
   ************* Key=*, VarName=BOILER PROPANE RATE, Frequency=
   ************* Key=*, VarName=BOILER FUELOILNO1 RATE, Frequency=
   ************* Key=*, VarName=BOILER FUELOILNO2 RATE, Frequency=
   ************* Key=*, VarName=BOILER COAL RATE, Frequency=
   ************* Key=*, VarName=BOILER DIESEL RATE, Frequency=
   ************* Key=*, VarName=BOILER GASOLINE RATE, Frequency=
   ************* Key=*, VarName=BOILER OTHERFUEL1 RATE, Frequency=
   ************* Key=*, VarName=BOILER OTHERFUEL2 RATE, Frequency=
   ************* Key=*, VarName=EVAPORATIVE COOLER ELECTRICITY RATE, Frequency=
   ************* Key=*, VarName=HEAT PUMP ELECTRIC POWER, Frequency=
   ************* Key=*, VarName=HEAT PUMP ELECTRICITY RATE, Frequency=
   ************* Key=*, VarName=COOLING COIL WATER HEATING ELECTRICITY RATE, Frequency=
   ************* Key=*, VarName=COOLING COIL CRANKCASE HEATER ELECTRICITY RATE, Frequency=
   ************* Key=*, VarName=WATER HEATER TANK TEMPERATURE, Frequency=
   ************* Key=*, VarName=CHILLER CONDENSER FAN ELECTRICITY RATE, Frequency=
   ************* Key=*, VarName=CHILLER SOURCE STEAM RATE, Frequency=
   ************* Key=*, VarName=COOLING TOWER FAN SPEED LEVEL, Frequency=
   ************* Key=*, VarName=COOLING TOWER FAN SPEED RATIO, Frequency=
   ************* Key=*, VarName=COOLING TOWER FAN PART LOAD RATIO, Frequency=
   ************* Key=*, VarName=COOLING TOWER AIR FLOW RATE RATIO, Frequency=
   ************* Key=*, VarName=HEATING COIL NATURALGAS RATE, Frequency=
   ************* Key=*, VarName=HEATING COIL ANCILLARY NATURALGAS RATE, Frequency=
   ************* Key=*, VarName=HEATING COIL PROPANE RATE, Frequency=
   ************* Key=*, VarName=HEATING COIL ANCILLARY PROPANE RATE, Frequency=
   ************* Key=*, VarName=HEATING COIL DIESEL RATE, Frequency=
   ************* Key=*, VarName=HEATING COIL ANCILLARY DIESEL RATE, Frequency=
   ************* Key=*, VarName=HEATING COIL GASOLINE RATE, Frequency=
   ************* Key=*, VarName=HEATING COIL ANCILLARY GASOLINE RATE, Frequency=
   ************* Key=*, VarName=HEATING COIL COAL RATE, Frequency=
   ************* Key=*, VarName=HEATING COIL ANCILLARY COAL RATE, Frequency=
   ************* Key=*, VarName=HEATING COIL FUELOILNO1 RATE, Frequency=
   ************* Key=*, VarName=HEATING COIL ANCILLARY FUELOILNO1 RATE, Frequency=
   ************* Key=*, VarName=HEATING COIL FUELOILNO2 RATE, Frequency=
   ************* Key=*, VarName=HEATING COIL ANCILLARY FUELOILNO2 RATE, Frequency=
   ************* Key=*, VarName=HEATING COIL OTHERFUEL1 RATE, Frequency=
   ************* Key=*, VarName=HEATING COIL ANCILLARY OTHERFUEL1 RATE, Frequency=
   ************* Key=*, VarName=HEATING COIL OTHERFUEL2 RATE, Frequency=
   ************* Key=*, VarName=HEATING COIL ANCILLARY OTHERFUEL2 RATE, Frequency=
   ************* Key=*, VarName=HEAT EXCHANGER SENSIBLE HEATING RATE, Frequency=
   ************* Key=*, VarName=HEAT EXCHANGER TOTAL HEATING RATE, Frequency=
   ************* Key=*, VarName=HEAT EXCHANGER SENSIBLE COOLING RATE, Frequency=
   ************* Key=*, VarName=HEAT EXCHANGER TOTAL COOLING RATE, Frequency=
   ************* Key=*, VarName=HUMIDIFIER ELECTRICITY RATE, Frequency=
   ************* Key=*, VarName=AIR LOOP DESICCANT DEHUMIDIFIER ELECTRICITY CONSUMPTION, Frequency=
   ************* Key=*, VarName=WATER USE EQUIPMENT HEATING RATE, Frequency=
   ************* Key=*, VarName=WATER HEATER ELECTRICITY RATE, Frequency=
   ************* Key=*, VarName=WATER HEATER NATURALGAS RATE, Frequency=
   ************* Key=*, VarName=WATER HEATER PROPANE RATE, Frequency=
   ************* Key=*, VarName=WATER HEATER FUELOILNO1 RATE, Frequency=
   ************* Key=*, VarName=WATER HEATER FUELOILNO2 RATE, Frequency=
   ************* Key=*, VarName=WATER HEATER COAL RATE, Frequency=
   ************* Key=*, VarName=WATER HEATER DIESEL RATE, Frequency=
   ************* Key=*, VarName=WATER HEATER GASOLINE RATE, Frequency=
   ************* Key=*, VarName=WATER HEATER STEAM RATE, Frequency=
   ************* Key=*, VarName=WATER HEATER DISTRICTHEATING RATE, Frequency=
   ************* Key=*, VarName=WATER HEATER OTHERFUEL1 RATE, Frequency=
   ************* Key=*, VarName=WATER HEATER OTHERFUEL2 RATE, Frequency=
   ************* Key=*, VarName=BASEBOARD ELECTRICITY RATE, Frequency=
   ************* Key=1FFirstFloorEast:OpenOffice, VarName=ZONE VENTILATION SENSIBLE HEAT LOSS ENERGY, Frequency=Hourly
   ************* Key=1FFirstFloorEast:OpenOffice, VarName=ZONE VENTILATION SENSIBLE HEAT GAIN ENERGY, Frequency=Hourly
   ************* Key=1FFirstFloorEast:OpenOffice, VarName=ZONE MIXING SENSIBLE HEAT LOSS ENERGY, Frequency=Hourly
   ************* Key=1FFirstFloorEast:OpenOffice, VarName=ZONE MIXING SENSIBLE HEAT GAIN ENERGY, Frequency=Hourly
   ************* Key=1FFirstFloorEast:OpenOffice, VarName=ZONE MIXING STANDARD DENSITY VOLUME FLOW RATE, Frequency=Hourly
   ************* Key=1FFirstFloorEast:OpenOffice, VarName=ZONE VENTILATION STANDARD DENSITY VOLUME FLOW RATE, Frequency=Hourly
   ************* Key=*, VarName=OTHER EQUIPMENT NATURALGAS RATE, Frequency=Hourly
   ************* Key=*, VarName=ZONE LIGHTS ELECTRIC POWER, Frequency=Hourly
   ************* Key=1FFirstFloorWest:OpenOffice, VarName=ZONE VENTILATION SENSIBLE HEAT LOSS ENERGY, Frequency=Hourly
   ************* Key=1FFirstFloorWest:OpenOffice, VarName=ZONE VENTILATION SENSIBLE HEAT GAIN ENERGY, Frequency=Hourly
   ************* Key=1FFirstFloorWest:OpenOffice, VarName=ZONE MIXING SENSIBLE HEAT LOSS ENERGY, Frequency=Hourly
   ************* Key=1FFirstFloorWest:OpenOffice, VarName=ZONE MIXING SENSIBLE HEAT GAIN ENERGY, Frequency=Hourly
   ************* Key=1FFirstFloorWest:OpenOffice, VarName=ZONE MIXING STANDARD DENSITY VOLUME FLOW RATE, Frequency=Hourly
   ************* Key=1FFirstFloorWest:OpenOffice, VarName=ZONE VENTILATION STANDARD DENSITY VOLUME FLOW RATE, Frequency=Hourly
   ************* Key=*, VarName=OTHER EQUIPMENT NATURALGAS RATE, Frequency=Hourly
   ************* Key=*, VarName=ZONE LIGHTS ELECTRIC POWER, Frequency=Hourly
   ************* Key=0FGroundFloorWest:OpenOffice, VarName=ZONE VENTILATION SENSIBLE HEAT LOSS ENERGY, Frequency=Hourly
   ************* Key=0FGroundFloorWest:OpenOffice, VarName=ZONE VENTILATION SENSIBLE HEAT GAIN ENERGY, Frequency=Hourly
   ************* Key=0FGroundFloorWest:OpenOffice, VarName=ZONE MIXING SENSIBLE HEAT LOSS ENERGY, Frequency=Hourly
   ************* Key=0FGroundFloorWest:OpenOffice, VarName=ZONE MIXING SENSIBLE HEAT GAIN ENERGY, Frequency=Hourly
   ************* Key=0FGroundFloorWest:OpenOffice, VarName=ZONE MIXING STANDARD DENSITY VOLUME FLOW RATE, Frequency=Hourly
   ************* Key=0FGroundFloorWest:OpenOffice, VarName=ZONE VENTILATION STANDARD DENSITY VOLUME FLOW RATE, Frequency=Hourly
   ************* Key=*, VarName=OTHER EQUIPMENT NATURALGAS RATE, Frequency=Hourly
   ************* Key=*, VarName=ZONE LIGHTS ELECTRIC POWER, Frequency=Hourly
   ************* Key=0FGroundFloorEast:OpenOffice, VarName=ZONE VENTILATION SENSIBLE HEAT LOSS ENERGY, Frequency=Hourly
   ************* Key=0FGroundFloorEast:OpenOffice, VarName=ZONE VENTILATION SENSIBLE HEAT GAIN ENERGY, Frequency=Hourly
   ************* Key=0FGroundFloorEast:OpenOffice, VarName=ZONE MIXING SENSIBLE HEAT LOSS ENERGY, Frequency=Hourly
   ************* Key=0FGroundFloorEast:OpenOffice, VarName=ZONE MIXING SENSIBLE HEAT GAIN ENERGY, Frequency=Hourly
   ************* Key=0FGroundFloorEast:OpenOffice, VarName=ZONE MIXING STANDARD DENSITY VOLUME FLOW RATE, Frequency=Hourly
   ************* Key=0FGroundFloorEast:OpenOffice, VarName=ZONE VENTILATION STANDARD DENSITY VOLUME FLOW RATE, Frequency=Hourly
   ************* Key=*, VarName=OTHER EQUIPMENT NATURALGAS RATE, Frequency=Hourly
   ************* Key=*, VarName=ZONE LIGHTS ELECTRIC POWER, Frequency=Hourly
   ************* Key=CoreCirculation:Circulation, VarName=ZONE VENTILATION SENSIBLE HEAT LOSS ENERGY, Frequency=Hourly
   ************* Key=CoreCirculation:Circulation, VarName=ZONE VENTILATION SENSIBLE HEAT GAIN ENERGY, Frequency=Hourly
   ************* Key=CoreCirculation:Circulation, VarName=ZONE MIXING SENSIBLE HEAT LOSS ENERGY, Frequency=Hourly
   ************* Key=CoreCirculation:Circulation, VarName=ZONE MIXING SENSIBLE HEAT GAIN ENERGY, Frequency=Hourly
   ************* Key=CoreCirculation:Circulation, VarName=ZONE MIXING STANDARD DENSITY VOLUME FLOW RATE, Frequency=Hourly
   ************* Key=CoreCirculation:Circulation, VarName=ZONE VENTILATION STANDARD DENSITY VOLUME FLOW RATE, Frequency=Hourly
   ************* Key=*, VarName=OTHER EQUIPMENT NATURALGAS RATE, Frequency=Hourly
   ************* Key=*, VarName=ZONE LIGHTS ELECTRIC POWER, Frequency=Hourly
   ************* Key=AtriumReception:Reception, VarName=ZONE VENTILATION SENSIBLE HEAT LOSS ENERGY, Frequency=Hourly
   ************* Key=AtriumReception:Reception, VarName=ZONE VENTILATION SENSIBLE HEAT GAIN ENERGY, Frequency=Hourly
   ************* Key=AtriumReception:Reception, VarName=ZONE MIXING SENSIBLE HEAT LOSS ENERGY, Frequency=Hourly
   ************* Key=AtriumReception:Reception, VarName=ZONE MIXING SENSIBLE HEAT GAIN ENERGY, Frequency=Hourly
   ************* Key=AtriumReception:Reception, VarName=ZONE MIXING STANDARD DENSITY VOLUME FLOW RATE, Frequency=Hourly
   ************* Key=AtriumReception:Reception, VarName=ZONE VENTILATION STANDARD DENSITY VOLUME FLOW RATE, Frequency=Hourly
   ************* Key=*, VarName=OTHER EQUIPMENT NATURALGAS RATE, Frequency=Hourly
   ************* Key=*, VarName=ZONE LIGHTS ELECTRIC POWER, Frequency=Hourly
   ************* Key=1FFirstFloorEast1:OpenOffice, VarName=ZONE VENTILATION SENSIBLE HEAT LOSS ENERGY, Frequency=Hourly
   ************* Key=1FFirstFloorEast1:OpenOffice, VarName=ZONE VENTILATION SENSIBLE HEAT GAIN ENERGY, Frequency=Hourly
   ************* Key=1FFirstFloorEast1:OpenOffice, VarName=ZONE MIXING SENSIBLE HEAT LOSS ENERGY, Frequency=Hourly
   ************* Key=1FFirstFloorEast1:OpenOffice, VarName=ZONE MIXING SENSIBLE HEAT GAIN ENERGY, Frequency=Hourly
   ************* Key=1FFirstFloorEast1:OpenOffice, VarName=ZONE MIXING STANDARD DENSITY VOLUME FLOW RATE, Frequency=Hourly
   ************* Key=1FFirstFloorEast1:OpenOffice, VarName=ZONE VENTILATION STANDARD DENSITY VOLUME FLOW RATE, Frequency=Hourly
   ************* Key=*, VarName=OTHER EQUIPMENT NATURALGAS RATE, Frequency=Hourly
   ************* Key=*, VarName=ZONE LIGHTS ELECTRIC POWER, Frequency=Hourly
   ************* Key=1FFirstFloorWest1:OpenOffice, VarName=ZONE VENTILATION SENSIBLE HEAT LOSS ENERGY, Frequency=Hourly
   ************* Key=1FFirstFloorWest1:OpenOffice, VarName=ZONE VENTILATION SENSIBLE HEAT GAIN ENERGY, Frequency=Hourly
   ************* Key=1FFirstFloorWest1:OpenOffice, VarName=ZONE MIXING SENSIBLE HEAT LOSS ENERGY, Frequency=Hourly
   ************* Key=1FFirstFloorWest1:OpenOffice, VarName=ZONE MIXING SENSIBLE HEAT GAIN ENERGY, Frequency=Hourly
   ************* Key=1FFirstFloorWest1:OpenOffice, VarName=ZONE MIXING STANDARD DENSITY VOLUME FLOW RATE, Frequency=Hourly
   ************* Key=1FFirstFloorWest1:OpenOffice, VarName=ZONE VENTILATION STANDARD DENSITY VOLUME FLOW RATE, Frequency=Hourly
   ************* Key=*, VarName=OTHER EQUIPMENT NATURALGAS RATE, Frequency=Hourly
   ************* Key=*, VarName=ZONE LIGHTS ELECTRIC POWER, Frequency=Hourly
   ************* Key=0FGroundFloorWest1:OpenOffice, VarName=ZONE VENTILATION SENSIBLE HEAT LOSS ENERGY, Frequency=Hourly
   ************* Key=0FGroundFloorWest1:OpenOffice, VarName=ZONE VENTILATION SENSIBLE HEAT GAIN ENERGY, Frequency=Hourly
   ************* Key=0FGroundFloorWest1:OpenOffice, VarName=ZONE MIXING SENSIBLE HEAT LOSS ENERGY, Frequency=Hourly
   ************* Key=0FGroundFloorWest1:OpenOffice, VarName=ZONE MIXING SENSIBLE HEAT GAIN ENERGY, Frequency=Hourly
   ************* Key=0FGroundFloorWest1:OpenOffice, VarName=ZONE MIXING STANDARD DENSITY VOLUME FLOW RATE, Frequency=Hourly
   ************* Key=0FGroundFloorWest1:OpenOffice, VarName=ZONE VENTILATION STANDARD DENSITY VOLUME FLOW RATE, Frequency=Hourly
   ************* Key=*, VarName=OTHER EQUIPMENT NATURALGAS RATE, Frequency=Hourly
   ************* Key=*, VarName=ZONE LIGHTS ELECTRIC POWER, Frequency=Hourly
   ************* Key=0FGroundFloorEast1:OpenOffice, VarName=ZONE VENTILATION SENSIBLE HEAT LOSS ENERGY, Frequency=Hourly
   ************* Key=0FGroundFloorEast1:OpenOffice, VarName=ZONE VENTILATION SENSIBLE HEAT GAIN ENERGY, Frequency=Hourly
   ************* Key=0FGroundFloorEast1:OpenOffice, VarName=ZONE MIXING SENSIBLE HEAT LOSS ENERGY, Frequency=Hourly
   ************* Key=0FGroundFloorEast1:OpenOffice, VarName=ZONE MIXING SENSIBLE HEAT GAIN ENERGY, Frequency=Hourly
   ************* Key=0FGroundFloorEast1:OpenOffice, VarName=ZONE MIXING STANDARD DENSITY VOLUME FLOW RATE, Frequency=Hourly
   ************* Key=0FGroundFloorEast1:OpenOffice, VarName=ZONE VENTILATION STANDARD DENSITY VOLUME FLOW RATE, Frequency=Hourly
   ************* Key=*, VarName=OTHER EQUIPMENT NATURALGAS RATE, Frequency=Hourly
   ************* Key=*, VarName=ZONE LIGHTS ELECTRIC POWER, Frequency=Hourly
   ************* Key=CoreCirculation1:Circulation, VarName=ZONE VENTILATION SENSIBLE HEAT LOSS ENERGY, Frequency=Hourly
   ************* Key=CoreCirculation1:Circulation, VarName=ZONE VENTILATION SENSIBLE HEAT GAIN ENERGY, Frequency=Hourly
   ************* Key=CoreCirculation1:Circulation, VarName=ZONE MIXING SENSIBLE HEAT LOSS ENERGY, Frequency=Hourly
   ************* Key=CoreCirculation1:Circulation, VarName=ZONE MIXING SENSIBLE HEAT GAIN ENERGY, Frequency=Hourly
   ************* Key=CoreCirculation1:Circulation, VarName=ZONE MIXING STANDARD DENSITY VOLUME FLOW RATE, Frequency=Hourly
   ************* Key=CoreCirculation1:Circulation, VarName=ZONE VENTILATION STANDARD DENSITY VOLUME FLOW RATE, Frequency=Hourly
   ************* Key=*, VarName=OTHER EQUIPMENT NATURALGAS RATE, Frequency=Hourly
   ************* Key=*, VarName=ZONE LIGHTS ELECTRIC POWER, Frequency=Hourly
   ************* Key=AtriumReception1:Reception, VarName=ZONE VENTILATION SENSIBLE HEAT LOSS ENERGY, Frequency=Hourly
   ************* Key=AtriumReception1:Reception, VarName=ZONE VENTILATION SENSIBLE HEAT GAIN ENERGY, Frequency=Hourly
   ************* Key=AtriumReception1:Reception, VarName=ZONE MIXING SENSIBLE HEAT LOSS ENERGY, Frequency=Hourly
   ************* Key=AtriumReception1:Reception, VarName=ZONE MIXING SENSIBLE HEAT GAIN ENERGY, Frequency=Hourly
   ************* Key=AtriumReception1:Reception, VarName=ZONE MIXING STANDARD DENSITY VOLUME FLOW RATE, Frequency=Hourly
   ************* Key=AtriumReception1:Reception, VarName=ZONE VENTILATION STANDARD DENSITY VOLUME FLOW RATE, Frequency=Hourly
   ************* Key=*, VarName=OTHER EQUIPMENT NATURALGAS RATE, Frequency=Hourly
   ************* Key=*, VarName=ZONE LIGHTS ELECTRIC POWER, Frequency=Hourly
   ************* Key=Block1:Zone1, VarName=ZONE VENTILATION SENSIBLE HEAT LOSS ENERGY, Frequency=Hourly
   ************* Key=Block1:Zone1, VarName=ZONE VENTILATION SENSIBLE HEAT GAIN ENERGY, Frequency=Hourly
   ************* Key=Block1:Zone1, VarName=ZONE MIXING SENSIBLE HEAT LOSS ENERGY, Frequency=Hourly
   ************* Key=Block1:Zone1, VarName=ZONE MIXING SENSIBLE HEAT GAIN ENERGY, Frequency=Hourly
   ************* Key=Block1:Zone1, VarName=ZONE MIXING STANDARD DENSITY VOLUME FLOW RATE, Frequency=Hourly
   ************* Key=Block1:Zone1, VarName=ZONE VENTILATION STANDARD DENSITY VOLUME FLOW RATE, Frequency=Hourly
   ************* Key=Block1:Zone1, VarName=ZONE MECHANICAL VENTILATION STANDARD DENSITY VOLUME FLOW RATE, Frequency=Hourly
   ************* Key=*, VarName=OTHER EQUIPMENT NATURALGAS RATE, Frequency=Hourly
   ************* Key=*, VarName=ZONE LIGHTS ELECTRIC POWER, Frequency=Hourly
   ************* Key=1FFirstFloorEast:OpenOffice, VarName=ZONE VENTILATION SENSIBLE HEAT LOSS ENERGY, Frequency=Daily
   ************* Key=1FFirstFloorEast:OpenOffice, VarName=ZONE VENTILATION SENSIBLE HEAT GAIN ENERGY, Frequency=Daily
   ************* Key=1FFirstFloorEast:OpenOffice, VarName=ZONE MIXING SENSIBLE HEAT LOSS ENERGY, Frequency=Daily
   ************* Key=1FFirstFloorEast:OpenOffice, VarName=ZONE MIXING SENSIBLE HEAT GAIN ENERGY, Frequency=Daily
   ************* Key=1FFirstFloorEast:OpenOffice, VarName=ZONE MIXING STANDARD DENSITY VOLUME FLOW RATE, Frequency=Daily
   ************* Key=1FFirstFloorEast:OpenOffice, VarName=ZONE VENTILATION STANDARD DENSITY VOLUME FLOW RATE, Frequency=Daily
   ************* Key=*, VarName=OTHER EQUIPMENT NATURALGAS RATE, Frequency=Daily
   ************* Key=*, VarName=ZONE LIGHTS ELECTRIC POWER, Frequency=Daily
   ************* Key=1FFirstFloorWest:OpenOffice, VarName=ZONE VENTILATION SENSIBLE HEAT LOSS ENERGY, Frequency=Daily
   ************* Key=1FFirstFloorWest:OpenOffice, VarName=ZONE VENTILATION SENSIBLE HEAT GAIN ENERGY, Frequency=Daily
   ************* Key=1FFirstFloorWest:OpenOffice, VarName=ZONE MIXING SENSIBLE HEAT LOSS ENERGY, Frequency=Daily
   ************* Key=1FFirstFloorWest:OpenOffice, VarName=ZONE MIXING SENSIBLE HEAT GAIN ENERGY, Frequency=Daily
   ************* Key=1FFirstFloorWest:OpenOffice, VarName=ZONE MIXING STANDARD DENSITY VOLUME FLOW RATE, Frequency=Daily
   ************* Key=1FFirstFloorWest:OpenOffice, VarName=ZONE VENTILATION STANDARD DENSITY VOLUME FLOW RATE, Frequency=Daily
   ************* Key=*, VarName=OTHER EQUIPMENT NATURALGAS RATE, Frequency=Daily
   ************* Key=*, VarName=ZONE LIGHTS ELECTRIC POWER, Frequency=Daily
   ************* Key=0FGroundFloorWest:OpenOffice, VarName=ZONE VENTILATION SENSIBLE HEAT LOSS ENERGY, Frequency=Daily
   ************* Key=0FGroundFloorWest:OpenOffice, VarName=ZONE VENTILATION SENSIBLE HEAT GAIN ENERGY, Frequency=Daily
   ************* Key=0FGroundFloorWest:OpenOffice, VarName=ZONE MIXING SENSIBLE HEAT LOSS ENERGY, Frequency=Daily
   ************* Key=0FGroundFloorWest:OpenOffice, VarName=ZONE MIXING SENSIBLE HEAT GAIN ENERGY, Frequency=Daily
   ************* Key=0FGroundFloorWest:OpenOffice, VarName=ZONE MIXING STANDARD DENSITY VOLUME FLOW RATE, Frequency=Daily
   ************* Key=0FGroundFloorWest:OpenOffice, VarName=ZONE VENTILATION STANDARD DENSITY VOLUME FLOW RATE, Frequency=Daily
   ************* Key=*, VarName=OTHER EQUIPMENT NATURALGAS RATE, Frequency=Daily
   ************* Key=*, VarName=ZONE LIGHTS ELECTRIC POWER, Frequency=Daily
   ************* Key=0FGroundFloorEast:OpenOffice, VarName=ZONE VENTILATION SENSIBLE HEAT LOSS ENERGY, Frequency=Daily
   ************* Key=0FGroundFloorEast:OpenOffice, VarName=ZONE VENTILATION SENSIBLE HEAT GAIN ENERGY, Frequency=Daily
   ************* Key=0FGroundFloorEast:OpenOffice, VarName=ZONE MIXING SENSIBLE HEAT LOSS ENERGY, Frequency=Daily
   ************* Key=0FGroundFloorEast:OpenOffice, VarName=ZONE MIXING SENSIBLE HEAT GAIN ENERGY, Frequency=Daily
   ************* Key=0FGroundFloorEast:OpenOffice, VarName=ZONE MIXING STANDARD DENSITY VOLUME FLOW RATE, Frequency=Daily
   ************* Key=0FGroundFloorEast:OpenOffice, VarName=ZONE VENTILATION STANDARD DENSITY VOLUME FLOW RATE, Frequency=Daily
   ************* Key=*, VarName=OTHER EQUIPMENT NATURALGAS RATE, Frequency=Daily
   ************* Key=*, VarName=ZONE LIGHTS ELECTRIC POWER, Frequency=Daily
   ************* Key=CoreCirculation:Circulation, VarName=ZONE VENTILATION SENSIBLE HEAT LOSS ENERGY, Frequency=Daily
   ************* Key=CoreCirculation:Circulation, VarName=ZONE VENTILATION SENSIBLE HEAT GAIN ENERGY, Frequency=Daily
   ************* Key=CoreCirculation:Circulation, VarName=ZONE MIXING SENSIBLE HEAT LOSS ENERGY, Frequency=Daily
   ************* Key=CoreCirculation:Circulation, VarName=ZONE MIXING SENSIBLE HEAT GAIN ENERGY, Frequency=Daily
   ************* Key=CoreCirculation:Circulation, VarName=ZONE MIXING STANDARD DENSITY VOLUME FLOW RATE, Frequency=Daily
   ************* Key=CoreCirculation:Circulation, VarName=ZONE VENTILATION STANDARD DENSITY VOLUME FLOW RATE, Frequency=Daily
   ************* Key=*, VarName=OTHER EQUIPMENT NATURALGAS RATE, Frequency=Daily
   ************* Key=*, VarName=ZONE LIGHTS ELECTRIC POWER, Frequency=Daily
   ************* Key=AtriumReception:Reception, VarName=ZONE VENTILATION SENSIBLE HEAT LOSS ENERGY, Frequency=Daily
   ************* Key=AtriumReception:Reception, VarName=ZONE VENTILATION SENSIBLE HEAT GAIN ENERGY, Frequency=Daily
   ************* Key=AtriumReception:Reception, VarName=ZONE MIXING SENSIBLE HEAT LOSS ENERGY, Frequency=Daily
   ************* Key=AtriumReception:Reception, VarName=ZONE MIXING SENSIBLE HEAT GAIN ENERGY, Frequency=Daily
   ************* Key=AtriumReception:Reception, VarName=ZONE MIXING STANDARD DENSITY VOLUME FLOW RATE, Frequency=Daily
   ************* Key=AtriumReception:Reception, VarName=ZONE VENTILATION STANDARD DENSITY VOLUME FLOW RATE, Frequency=Daily
   ************* Key=*, VarName=OTHER EQUIPMENT NATURALGAS RATE, Frequency=Daily
   ************* Key=*, VarName=ZONE LIGHTS ELECTRIC POWER, Frequency=Daily
   ************* Key=1FFirstFloorEast1:OpenOffice, VarName=ZONE VENTILATION SENSIBLE HEAT LOSS ENERGY, Frequency=Daily
   ************* Key=1FFirstFloorEast1:OpenOffice, VarName=ZONE VENTILATION SENSIBLE HEAT GAIN ENERGY, Frequency=Daily
   ************* Key=1FFirstFloorEast1:OpenOffice, VarName=ZONE MIXING SENSIBLE HEAT LOSS ENERGY, Frequency=Daily
   ************* Key=1FFirstFloorEast1:OpenOffice, VarName=ZONE MIXING SENSIBLE HEAT GAIN ENERGY, Frequency=Daily
   ************* Key=1FFirstFloorEast1:OpenOffice, VarName=ZONE MIXING STANDARD DENSITY VOLUME FLOW RATE, Frequency=Daily
   ************* Key=1FFirstFloorEast1:OpenOffice, VarName=ZONE VENTILATION STANDARD DENSITY VOLUME FLOW RATE, Frequency=Daily
   ************* Key=*, VarName=OTHER EQUIPMENT NATURALGAS RATE, Frequency=Daily
   ************* Key=*, VarName=ZONE LIGHTS ELECTRIC POWER, Frequency=Daily
   ************* Key=1FFirstFloorWest1:OpenOffice, VarName=ZONE VENTILATION SENSIBLE HEAT LOSS ENERGY, Frequency=Daily
   ************* Key=1FFirstFloorWest1:OpenOffice, VarName=ZONE VENTILATION SENSIBLE HEAT GAIN ENERGY, Frequency=Daily
   ************* Key=1FFirstFloorWest1:OpenOffice, VarName=ZONE MIXING SENSIBLE HEAT LOSS ENERGY, Frequency=Daily
   ************* Key=1FFirstFloorWest1:OpenOffice, VarName=ZONE MIXING SENSIBLE HEAT GAIN ENERGY, Frequency=Daily
   ************* Key=1FFirstFloorWest1:OpenOffice, VarName=ZONE MIXING STANDARD DENSITY VOLUME FLOW RATE, Frequency=Daily
   ************* Key=1FFirstFloorWest1:OpenOffice, VarName=ZONE VENTILATION STANDARD DENSITY VOLUME FLOW RATE, Frequency=Daily
   ************* Key=*, VarName=OTHER EQUIPMENT NATURALGAS RATE, Frequency=Daily
   ************* Key=*, VarName=ZONE LIGHTS ELECTRIC POWER, Frequency=Daily
   ************* Key=0FGroundFloorWest1:OpenOffice, VarName=ZONE VENTILATION SENSIBLE HEAT LOSS ENERGY, Frequency=Daily
   ************* Key=0FGroundFloorWest1:OpenOffice, VarName=ZONE VENTILATION SENSIBLE HEAT GAIN ENERGY, Frequency=Daily
   ************* Key=0FGroundFloorWest1:OpenOffice, VarName=ZONE MIXING SENSIBLE HEAT LOSS ENERGY, Frequency=Daily
   ************* Key=0FGroundFloorWest1:OpenOffice, VarName=ZONE MIXING SENSIBLE HEAT GAIN ENERGY, Frequency=Daily
   ************* Key=0FGroundFloorWest1:OpenOffice, VarName=ZONE MIXING STANDARD DENSITY VOLUME FLOW RATE, Frequency=Daily
   ************* Key=0FGroundFloorWest1:OpenOffice, VarName=ZONE VENTILATION STANDARD DENSITY VOLUME FLOW RATE, Frequency=Daily
   ************* Key=*, VarName=OTHER EQUIPMENT NATURALGAS RATE, Frequency=Daily
   ************* Key=*, VarName=ZONE LIGHTS ELECTRIC POWER, Frequency=Daily
   ************* Key=0FGroundFloorEast1:OpenOffice, VarName=ZONE VENTILATION SENSIBLE HEAT LOSS ENERGY, Frequency=Daily
   ************* Key=0FGroundFloorEast1:OpenOffice, VarName=ZONE VENTILATION SENSIBLE HEAT GAIN ENERGY, Frequency=Daily
   ************* Key=0FGroundFloorEast1:OpenOffice, VarName=ZONE MIXING SENSIBLE HEAT LOSS ENERGY, Frequency=Daily
   ************* Key=0FGroundFloorEast1:OpenOffice, VarName=ZONE MIXING SENSIBLE HEAT GAIN ENERGY, Frequency=Daily
   ************* Key=0FGroundFloorEast1:OpenOffice, VarName=ZONE MIXING STANDARD DENSITY VOLUME FLOW RATE, Frequency=Daily
   ************* Key=0FGroundFloorEast1:OpenOffice, VarName=ZONE VENTILATION STANDARD DENSITY VOLUME FLOW RATE, Frequency=Daily
   ************* Key=*, VarName=OTHER EQUIPMENT NATURALGAS RATE, Frequency=Daily
   ************* Key=*, VarName=ZONE LIGHTS ELECTRIC POWER, Frequency=Daily
   ************* Key=CoreCirculation1:Circulation, VarName=ZONE VENTILATION SENSIBLE HEAT LOSS ENERGY, Frequency=Daily
   ************* Key=CoreCirculation1:Circulation, VarName=ZONE VENTILATION SENSIBLE HEAT GAIN ENERGY, Frequency=Daily
   ************* Key=CoreCirculation1:Circulation, VarName=ZONE MIXING SENSIBLE HEAT LOSS ENERGY, Frequency=Daily
   ************* Key=CoreCirculation1:Circulation, VarName=ZONE MIXING SENSIBLE HEAT GAIN ENERGY, Frequency=Daily
   ************* Key=CoreCirculation1:Circulation, VarName=ZONE MIXING STANDARD DENSITY VOLUME FLOW RATE, Frequency=Daily
   ************* Key=CoreCirculation1:Circulation, VarName=ZONE VENTILATION STANDARD DENSITY VOLUME FLOW RATE, Frequency=Daily
   ************* Key=*, VarName=OTHER EQUIPMENT NATURALGAS RATE, Frequency=Daily
   ************* Key=*, VarName=ZONE LIGHTS ELECTRIC POWER, Frequency=Daily
   ************* Key=AtriumReception1:Reception, VarName=ZONE VENTILATION SENSIBLE HEAT LOSS ENERGY, Frequency=Daily
   ************* Key=AtriumReception1:Reception, VarName=ZONE VENTILATION SENSIBLE HEAT GAIN ENERGY, Frequency=Daily
   ************* Key=AtriumReception1:Reception, VarName=ZONE MIXING SENSIBLE HEAT LOSS ENERGY, Frequency=Daily
   ************* Key=AtriumReception1:Reception, VarName=ZONE MIXING SENSIBLE HEAT GAIN ENERGY, Frequency=Daily
   ************* Key=AtriumReception1:Reception, VarName=ZONE MIXING STANDARD DENSITY VOLUME FLOW RATE, Frequency=Daily
   ************* Key=AtriumReception1:Reception, VarName=ZONE VENTILATION STANDARD DENSITY VOLUME FLOW RATE, Frequency=Daily
   ************* Key=*, VarName=OTHER EQUIPMENT NATURALGAS RATE, Frequency=Daily
   ************* Key=*, VarName=ZONE LIGHTS ELECTRIC POWER, Frequency=Daily
   ************* Key=Block1:Zone1, VarName=ZONE VENTILATION SENSIBLE HEAT LOSS ENERGY, Frequency=Daily
   ************* Key=Block1:Zone1, VarName=ZONE VENTILATION SENSIBLE HEAT GAIN ENERGY, Frequency=Daily
   ************* Key=Block1:Zone1, VarName=ZONE MIXING SENSIBLE HEAT LOSS ENERGY, Frequency=Daily
   ************* Key=Block1:Zone1, VarName=ZONE MIXING SENSIBLE HEAT GAIN ENERGY, Frequency=Daily
   ************* Key=Block1:Zone1, VarName=ZONE MIXING STANDARD DENSITY VOLUME FLOW RATE, Frequency=Daily
   ************* Key=Block1:Zone1, VarName=ZONE VENTILATION STANDARD DENSITY VOLUME FLOW RATE, Frequency=Daily
   ************* Key=Block1:Zone1, VarName=ZONE MECHANICAL VENTILATION STANDARD DENSITY VOLUME FLOW RATE, Frequency=Daily
   ************* Key=*, VarName=OTHER EQUIPMENT NATURALGAS RATE, Frequency=Daily
   ************* Key=*, VarName=ZONE LIGHTS ELECTRIC POWER, Frequency=Daily
   ************* Key=1FFirstFloorEast:OpenOffice, VarName=ZONE VENTILATION SENSIBLE HEAT LOSS ENERGY, Frequency=Monthly
   ************* Key=1FFirstFloorEast:OpenOffice, VarName=ZONE VENTILATION SENSIBLE HEAT GAIN ENERGY, Frequency=Monthly
   ************* Key=1FFirstFloorEast:OpenOffice, VarName=ZONE MIXING SENSIBLE HEAT LOSS ENERGY, Frequency=Monthly
   ************* Key=1FFirstFloorEast:OpenOffice, VarName=ZONE MIXING SENSIBLE HEAT GAIN ENERGY, Frequency=Monthly
   ************* Key=1FFirstFloorEast:OpenOffice, VarName=ZONE MIXING STANDARD DENSITY VOLUME FLOW RATE, Frequency=Monthly
   ************* Key=1FFirstFloorEast:OpenOffice, VarName=ZONE VENTILATION STANDARD DENSITY VOLUME FLOW RATE, Frequency=Monthly
   ************* Key=*, VarName=OTHER EQUIPMENT NATURALGAS RATE, Frequency=Monthly
   ************* Key=*, VarName=ZONE LIGHTS ELECTRIC POWER, Frequency=Monthly
   ************* Key=1FFirstFloorWest:OpenOffice, VarName=ZONE VENTILATION SENSIBLE HEAT LOSS ENERGY, Frequency=Monthly
   ************* Key=1FFirstFloorWest:OpenOffice, VarName=ZONE VENTILATION SENSIBLE HEAT GAIN ENERGY, Frequency=Monthly
   ************* Key=1FFirstFloorWest:OpenOffice, VarName=ZONE MIXING SENSIBLE HEAT LOSS ENERGY, Frequency=Monthly
   ************* Key=1FFirstFloorWest:OpenOffice, VarName=ZONE MIXING SENSIBLE HEAT GAIN ENERGY, Frequency=Monthly
   ************* Key=1FFirstFloorWest:OpenOffice, VarName=ZONE MIXING STANDARD DENSITY VOLUME FLOW RATE, Frequency=Monthly
   ************* Key=1FFirstFloorWest:OpenOffice, VarName=ZONE VENTILATION STANDARD DENSITY VOLUME FLOW RATE, Frequency=Monthly
   ************* Key=*, VarName=OTHER EQUIPMENT NATURALGAS RATE, Frequency=Monthly
   ************* Key=*, VarName=ZONE LIGHTS ELECTRIC POWER, Frequency=Monthly
   ************* Key=0FGroundFloorWest:OpenOffice, VarName=ZONE VENTILATION SENSIBLE HEAT LOSS ENERGY, Frequency=Monthly
   ************* Key=0FGroundFloorWest:OpenOffice, VarName=ZONE VENTILATION SENSIBLE HEAT GAIN ENERGY, Frequency=Monthly
   ************* Key=0FGroundFloorWest:OpenOffice, VarName=ZONE MIXING SENSIBLE HEAT LOSS ENERGY, Frequency=Monthly
   ************* Key=0FGroundFloorWest:OpenOffice, VarName=ZONE MIXING SENSIBLE HEAT GAIN ENERGY, Frequency=Monthly
   ************* Key=0FGroundFloorWest:OpenOffice, VarName=ZONE MIXING STANDARD DENSITY VOLUME FLOW RATE, Frequency=Monthly
   ************* Key=0FGroundFloorWest:OpenOffice, VarName=ZONE VENTILATION STANDARD DENSITY VOLUME FLOW RATE, Frequency=Monthly
   ************* Key=*, VarName=OTHER EQUIPMENT NATURALGAS RATE, Frequency=Monthly
   ************* Key=*, VarName=ZONE LIGHTS ELECTRIC POWER, Frequency=Monthly
   ************* Key=0FGroundFloorEast:OpenOffice, VarName=ZONE VENTILATION SENSIBLE HEAT LOSS ENERGY, Frequency=Monthly
   ************* Key=0FGroundFloorEast:OpenOffice, VarName=ZONE VENTILATION SENSIBLE HEAT GAIN ENERGY, Frequency=Monthly
   ************* Key=0FGroundFloorEast:OpenOffice, VarName=ZONE MIXING SENSIBLE HEAT LOSS ENERGY, Frequency=Monthly
   ************* Key=0FGroundFloorEast:OpenOffice, VarName=ZONE MIXING SENSIBLE HEAT GAIN ENERGY, Frequency=Monthly
   ************* Key=0FGroundFloorEast:OpenOffice, VarName=ZONE MIXING STANDARD DENSITY VOLUME FLOW RATE, Frequency=Monthly
   ************* Key=0FGroundFloorEast:OpenOffice, VarName=ZONE VENTILATION STANDARD DENSITY VOLUME FLOW RATE, Frequency=Monthly
   ************* Key=*, VarName=OTHER EQUIPMENT NATURALGAS RATE, Frequency=Monthly
   ************* Key=*, VarName=ZONE LIGHTS ELECTRIC POWER, Frequency=Monthly
   ************* Key=CoreCirculation:Circulation, VarName=ZONE VENTILATION SENSIBLE HEAT LOSS ENERGY, Frequency=Monthly
   ************* Key=CoreCirculation:Circulation, VarName=ZONE VENTILATION SENSIBLE HEAT GAIN ENERGY, Frequency=Monthly
   ************* Key=CoreCirculation:Circulation, VarName=ZONE MIXING SENSIBLE HEAT LOSS ENERGY, Frequency=Monthly
   ************* Key=CoreCirculation:Circulation, VarName=ZONE MIXING SENSIBLE HEAT GAIN ENERGY, Frequency=Monthly
   ************* Key=CoreCirculation:Circulation, VarName=ZONE MIXING STANDARD DENSITY VOLUME FLOW RATE, Frequency=Monthly
   ************* Key=CoreCirculation:Circulation, VarName=ZONE VENTILATION STANDARD DENSITY VOLUME FLOW RATE, Frequency=Monthly
   ************* Key=*, VarName=OTHER EQUIPMENT NATURALGAS RATE, Frequency=Monthly
   ************* Key=*, VarName=ZONE LIGHTS ELECTRIC POWER, Frequency=Monthly
   ************* Key=AtriumReception:Reception, VarName=ZONE VENTILATION SENSIBLE HEAT LOSS ENERGY, Frequency=Monthly
   ************* Key=AtriumReception:Reception, VarName=ZONE VENTILATION SENSIBLE HEAT GAIN ENERGY, Frequency=Monthly
   ************* Key=AtriumReception:Reception, VarName=ZONE MIXING SENSIBLE HEAT LOSS ENERGY, Frequency=Monthly
   ************* Key=AtriumReception:Reception, VarName=ZONE MIXING SENSIBLE HEAT GAIN ENERGY, Frequency=Monthly
   ************* Key=AtriumReception:Reception, VarName=ZONE MIXING STANDARD DENSITY VOLUME FLOW RATE, Frequency=Monthly
   ************* Key=AtriumReception:Reception, VarName=ZONE VENTILATION STANDARD DENSITY VOLUME FLOW RATE, Frequency=Monthly
   ************* Key=*, VarName=OTHER EQUIPMENT NATURALGAS RATE, Frequency=Monthly
   ************* Key=*, VarName=ZONE LIGHTS ELECTRIC POWER, Frequency=Monthly
   ************* Key=1FFirstFloorEast1:OpenOffice, VarName=ZONE VENTILATION SENSIBLE HEAT LOSS ENERGY, Frequency=Monthly
   ************* Key=1FFirstFloorEast1:OpenOffice, VarName=ZONE VENTILATION SENSIBLE HEAT GAIN ENERGY, Frequency=Monthly
   ************* Key=1FFirstFloorEast1:OpenOffice, VarName=ZONE MIXING SENSIBLE HEAT LOSS ENERGY, Frequency=Monthly
   ************* Key=1FFirstFloorEast1:OpenOffice, VarName=ZONE MIXING SENSIBLE HEAT GAIN ENERGY, Frequency=Monthly
   ************* Key=1FFirstFloorEast1:OpenOffice, VarName=ZONE MIXING STANDARD DENSITY VOLUME FLOW RATE, Frequency=Monthly
   ************* Key=1FFirstFloorEast1:OpenOffice, VarName=ZONE VENTILATION STANDARD DENSITY VOLUME FLOW RATE, Frequency=Monthly
   ************* Key=*, VarName=OTHER EQUIPMENT NATURALGAS RATE, Frequency=Monthly
   ************* Key=*, VarName=ZONE LIGHTS ELECTRIC POWER, Frequency=Monthly
   ************* Key=1FFirstFloorWest1:OpenOffice, VarName=ZONE VENTILATION SENSIBLE HEAT LOSS ENERGY, Frequency=Monthly
   ************* Key=1FFirstFloorWest1:OpenOffice, VarName=ZONE VENTILATION SENSIBLE HEAT GAIN ENERGY, Frequency=Monthly
   ************* Key=1FFirstFloorWest1:OpenOffice, VarName=ZONE MIXING SENSIBLE HEAT LOSS ENERGY, Frequency=Monthly
   ************* Key=1FFirstFloorWest1:OpenOffice, VarName=ZONE MIXING SENSIBLE HEAT GAIN ENERGY, Frequency=Monthly
   ************* Key=1FFirstFloorWest1:OpenOffice, VarName=ZONE MIXING STANDARD DENSITY VOLUME FLOW RATE, Frequency=Monthly
   ************* Key=1FFirstFloorWest1:OpenOffice, VarName=ZONE VENTILATION STANDARD DENSITY VOLUME FLOW RATE, Frequency=Monthly
   ************* Key=*, VarName=OTHER EQUIPMENT NATURALGAS RATE, Frequency=Monthly
   ************* Key=*, VarName=ZONE LIGHTS ELECTRIC POWER, Frequency=Monthly
   ************* Key=0FGroundFloorWest1:OpenOffice, VarName=ZONE VENTILATION SENSIBLE HEAT LOSS ENERGY, Frequency=Monthly
   ************* Key=0FGroundFloorWest1:OpenOffice, VarName=ZONE VENTILATION SENSIBLE HEAT GAIN ENERGY, Frequency=Monthly
   ************* Key=0FGroundFloorWest1:OpenOffice, VarName=ZONE MIXING SENSIBLE HEAT LOSS ENERGY, Frequency=Monthly
   ************* Key=0FGroundFloorWest1:OpenOffice, VarName=ZONE MIXING SENSIBLE HEAT GAIN ENERGY, Frequency=Monthly
   ************* Key=0FGroundFloorWest1:OpenOffice, VarName=ZONE MIXING STANDARD DENSITY VOLUME FLOW RATE, Frequency=Monthly
   ************* Key=0FGroundFloorWest1:OpenOffice, VarName=ZONE VENTILATION STANDARD DENSITY VOLUME FLOW RATE, Frequency=Monthly
   ************* Key=*, VarName=OTHER EQUIPMENT NATURALGAS RATE, Frequency=Monthly
   ************* Key=*, VarName=ZONE LIGHTS ELECTRIC POWER, Frequency=Monthly
   ************* Key=0FGroundFloorEast1:OpenOffice, VarName=ZONE VENTILATION SENSIBLE HEAT LOSS ENERGY, Frequency=Monthly
   ************* Key=0FGroundFloorEast1:OpenOffice, VarName=ZONE VENTILATION SENSIBLE HEAT GAIN ENERGY, Frequency=Monthly
   ************* Key=0FGroundFloorEast1:OpenOffice, VarName=ZONE MIXING SENSIBLE HEAT LOSS ENERGY, Frequency=Monthly
   ************* Key=0FGroundFloorEast1:OpenOffice, VarName=ZONE MIXING SENSIBLE HEAT GAIN ENERGY, Frequency=Monthly
   ************* Key=0FGroundFloorEast1:OpenOffice, VarName=ZONE MIXING STANDARD DENSITY VOLUME FLOW RATE, Frequency=Monthly
   ************* Key=0FGroundFloorEast1:OpenOffice, VarName=ZONE VENTILATION STANDARD DENSITY VOLUME FLOW RATE, Frequency=Monthly
   ************* Key=*, VarName=OTHER EQUIPMENT NATURALGAS RATE, Frequency=Monthly
   ************* Key=*, VarName=ZONE LIGHTS ELECTRIC POWER, Frequency=Monthly
   ************* Key=CoreCirculation1:Circulation, VarName=ZONE VENTILATION SENSIBLE HEAT LOSS ENERGY, Frequency=Monthly
   ************* Key=CoreCirculation1:Circulation, VarName=ZONE VENTILATION SENSIBLE HEAT GAIN ENERGY, Frequency=Monthly
   ************* Key=CoreCirculation1:Circulation, VarName=ZONE MIXING SENSIBLE HEAT LOSS ENERGY, Frequency=Monthly
   ************* Key=CoreCirculation1:Circulation, VarName=ZONE MIXING SENSIBLE HEAT GAIN ENERGY, Frequency=Monthly
   ************* Key=CoreCirculation1:Circulation, VarName=ZONE MIXING STANDARD DENSITY VOLUME FLOW RATE, Frequency=Monthly
   ************* Key=CoreCirculation1:Circulation, VarName=ZONE VENTILATION STANDARD DENSITY VOLUME FLOW RATE, Frequency=Monthly
   ************* Key=*, VarName=OTHER EQUIPMENT NATURALGAS RATE, Frequency=Monthly
   ************* Key=*, VarName=ZONE LIGHTS ELECTRIC POWER, Frequency=Monthly
   ************* Key=AtriumReception1:Reception, VarName=ZONE VENTILATION SENSIBLE HEAT LOSS ENERGY, Frequency=Monthly
   ************* Key=AtriumReception1:Reception, VarName=ZONE VENTILATION SENSIBLE HEAT GAIN ENERGY, Frequency=Monthly
   ************* Key=AtriumReception1:Reception, VarName=ZONE MIXING SENSIBLE HEAT LOSS ENERGY, Frequency=Monthly
   ************* Key=AtriumReception1:Reception, VarName=ZONE MIXING SENSIBLE HEAT GAIN ENERGY, Frequency=Monthly
   ************* Key=AtriumReception1:Reception, VarName=ZONE MIXING STANDARD DENSITY VOLUME FLOW RATE, Frequency=Monthly
   ************* Key=AtriumReception1:Reception, VarName=ZONE VENTILATION STANDARD DENSITY VOLUME FLOW RATE, Frequency=Monthly
   ************* Key=*, VarName=OTHER EQUIPMENT NATURALGAS RATE, Frequency=Monthly
   ************* Key=*, VarName=ZONE LIGHTS ELECTRIC POWER, Frequency=Monthly
   ************* Key=Block1:Zone1, VarName=ZONE VENTILATION SENSIBLE HEAT LOSS ENERGY, Frequency=Monthly
   ************* Key=Block1:Zone1, VarName=ZONE VENTILATION SENSIBLE HEAT GAIN ENERGY, Frequency=Monthly
   ************* Key=Block1:Zone1, VarName=ZONE MIXING SENSIBLE HEAT LOSS ENERGY, Frequency=Monthly
   ************* Key=Block1:Zone1, VarName=ZONE MIXING SENSIBLE HEAT GAIN ENERGY, Frequency=Monthly
   ************* Key=Block1:Zone1, VarName=ZONE MIXING STANDARD DENSITY VOLUME FLOW RATE, Frequency=Monthly
   ************* Key=Block1:Zone1, VarName=ZONE VENTILATION STANDARD DENSITY VOLUME FLOW RATE, Frequency=Monthly
   ************* Key=Block1:Zone1, VarName=ZONE MECHANICAL VENTILATION STANDARD DENSITY VOLUME FLOW RATE, Frequency=Monthly
   ************* Key=*, VarName=OTHER EQUIPMENT NATURALGAS RATE, Frequency=Monthly
   ************* Key=*, VarName=ZONE LIGHTS ELECTRIC POWER, Frequency=Monthly
   ************* Key=1FFirstFloorEast:OpenOffice, VarName=ZONE VENTILATION SENSIBLE HEAT LOSS ENERGY, Frequency=
   ************* Key=1FFirstFloorEast:OpenOffice, VarName=ZONE VENTILATION SENSIBLE HEAT GAIN ENERGY, Frequency=
   ************* Key=1FFirstFloorEast:OpenOffice, VarName=ZONE MIXING SENSIBLE HEAT LOSS ENERGY, Frequency=
   ************* Key=1FFirstFloorEast:OpenOffice, VarName=ZONE MIXING SENSIBLE HEAT GAIN ENERGY, Frequency=
   ************* Key=1FFirstFloorEast:OpenOffice, VarName=ZONE MIXING STANDARD DENSITY VOLUME FLOW RATE, Frequency=
   ************* Key=1FFirstFloorEast:OpenOffice, VarName=ZONE VENTILATION STANDARD DENSITY VOLUME FLOW RATE, Frequency=
   ************* Key=*, VarName=OTHER EQUIPMENT NATURALGAS RATE, Frequency=
   ************* Key=*, VarName=ZONE LIGHTS ELECTRIC POWER, Frequency=
   ************* Key=1FFirstFloorWest:OpenOffice, VarName=ZONE VENTILATION SENSIBLE HEAT LOSS ENERGY, Frequency=
   ************* Key=1FFirstFloorWest:OpenOffice, VarName=ZONE VENTILATION SENSIBLE HEAT GAIN ENERGY, Frequency=
   ************* Key=1FFirstFloorWest:OpenOffice, VarName=ZONE MIXING SENSIBLE HEAT LOSS ENERGY, Frequency=
   ************* Key=1FFirstFloorWest:OpenOffice, VarName=ZONE MIXING SENSIBLE HEAT GAIN ENERGY, Frequency=
   ************* Key=1FFirstFloorWest:OpenOffice, VarName=ZONE MIXING STANDARD DENSITY VOLUME FLOW RATE, Frequency=
   ************* Key=1FFirstFloorWest:OpenOffice, VarName=ZONE VENTILATION STANDARD DENSITY VOLUME FLOW RATE, Frequency=
   ************* Key=*, VarName=OTHER EQUIPMENT NATURALGAS RATE, Frequency=
   ************* Key=*, VarName=ZONE LIGHTS ELECTRIC POWER, Frequency=
   ************* Key=0FGroundFloorWest:OpenOffice, VarName=ZONE VENTILATION SENSIBLE HEAT LOSS ENERGY, Frequency=
   ************* Key=0FGroundFloorWest:OpenOffice, VarName=ZONE VENTILATION SENSIBLE HEAT GAIN ENERGY, Frequency=
   ************* Key=0FGroundFloorWest:OpenOffice, VarName=ZONE MIXING SENSIBLE HEAT LOSS ENERGY, Frequency=
   ************* Key=0FGroundFloorWest:OpenOffice, VarName=ZONE MIXING SENSIBLE HEAT GAIN ENERGY, Frequency=
   ************* Key=0FGroundFloorWest:OpenOffice, VarName=ZONE MIXING STANDARD DENSITY VOLUME FLOW RATE, Frequency=
   ************* Key=0FGroundFloorWest:OpenOffice, VarName=ZONE VENTILATION STANDARD DENSITY VOLUME FLOW RATE, Frequency=
   ************* Key=*, VarName=OTHER EQUIPMENT NATURALGAS RATE, Frequency=
   ************* Key=*, VarName=ZONE LIGHTS ELECTRIC POWER, Frequency=
   ************* Key=0FGroundFloorEast:OpenOffice, VarName=ZONE VENTILATION SENSIBLE HEAT LOSS ENERGY, Frequency=
   ************* Key=0FGroundFloorEast:OpenOffice, VarName=ZONE VENTILATION SENSIBLE HEAT GAIN ENERGY, Frequency=
   ************* Key=0FGroundFloorEast:OpenOffice, VarName=ZONE MIXING SENSIBLE HEAT LOSS ENERGY, Frequency=
   ************* Key=0FGroundFloorEast:OpenOffice, VarName=ZONE MIXING SENSIBLE HEAT GAIN ENERGY, Frequency=
   ************* Key=0FGroundFloorEast:OpenOffice, VarName=ZONE MIXING STANDARD DENSITY VOLUME FLOW RATE, Frequency=
   ************* Key=0FGroundFloorEast:OpenOffice, VarName=ZONE VENTILATION STANDARD DENSITY VOLUME FLOW RATE, Frequency=
   ************* Key=*, VarName=OTHER EQUIPMENT NATURALGAS RATE, Frequency=
   ************* Key=*, VarName=ZONE LIGHTS ELECTRIC POWER, Frequency=
   ************* Key=CoreCirculation:Circulation, VarName=ZONE VENTILATION SENSIBLE HEAT LOSS ENERGY, Frequency=
   ************* Key=CoreCirculation:Circulation, VarName=ZONE VENTILATION SENSIBLE HEAT GAIN ENERGY, Frequency=
   ************* Key=CoreCirculation:Circulation, VarName=ZONE MIXING SENSIBLE HEAT LOSS ENERGY, Frequency=
   ************* Key=CoreCirculation:Circulation, VarName=ZONE MIXING SENSIBLE HEAT GAIN ENERGY, Frequency=
   ************* Key=CoreCirculation:Circulation, VarName=ZONE MIXING STANDARD DENSITY VOLUME FLOW RATE, Frequency=
   ************* Key=CoreCirculation:Circulation, VarName=ZONE VENTILATION STANDARD DENSITY VOLUME FLOW RATE, Frequency=
   ************* Key=*, VarName=OTHER EQUIPMENT NATURALGAS RATE, Frequency=
   ************* Key=*, VarName=ZONE LIGHTS ELECTRIC POWER, Frequency=
   ************* Key=AtriumReception:Reception, VarName=ZONE VENTILATION SENSIBLE HEAT LOSS ENERGY, Frequency=
   ************* Key=AtriumReception:Reception, VarName=ZONE VENTILATION SENSIBLE HEAT GAIN ENERGY, Frequency=
   ************* Key=AtriumReception:Reception, VarName=ZONE MIXING SENSIBLE HEAT LOSS ENERGY, Frequency=
   ************* Key=AtriumReception:Reception, VarName=ZONE MIXING SENSIBLE HEAT GAIN ENERGY, Frequency=
   ************* Key=AtriumReception:Reception, VarName=ZONE MIXING STANDARD DENSITY VOLUME FLOW RATE, Frequency=
   ************* Key=AtriumReception:Reception, VarName=ZONE VENTILATION STANDARD DENSITY VOLUME FLOW RATE, Frequency=
   ************* Key=*, VarName=OTHER EQUIPMENT NATURALGAS RATE, Frequency=
   ************* Key=*, VarName=ZONE LIGHTS ELECTRIC POWER, Frequency=
   ************* Key=1FFirstFloorEast1:OpenOffice, VarName=ZONE VENTILATION SENSIBLE HEAT LOSS ENERGY, Frequency=
   ************* Key=1FFirstFloorEast1:OpenOffice, VarName=ZONE VENTILATION SENSIBLE HEAT GAIN ENERGY, Frequency=
   ************* Key=1FFirstFloorEast1:OpenOffice, VarName=ZONE MIXING SENSIBLE HEAT LOSS ENERGY, Frequency=
   ************* Key=1FFirstFloorEast1:OpenOffice, VarName=ZONE MIXING SENSIBLE HEAT GAIN ENERGY, Frequency=
   ************* Key=1FFirstFloorEast1:OpenOffice, VarName=ZONE MIXING STANDARD DENSITY VOLUME FLOW RATE, Frequency=
   ************* Key=1FFirstFloorEast1:OpenOffice, VarName=ZONE VENTILATION STANDARD DENSITY VOLUME FLOW RATE, Frequency=
   ************* Key=*, VarName=OTHER EQUIPMENT NATURALGAS RATE, Frequency=
   ************* Key=*, VarName=ZONE LIGHTS ELECTRIC POWER, Frequency=
   ************* Key=1FFirstFloorWest1:OpenOffice, VarName=ZONE VENTILATION SENSIBLE HEAT LOSS ENERGY, Frequency=
   ************* Key=1FFirstFloorWest1:OpenOffice, VarName=ZONE VENTILATION SENSIBLE HEAT GAIN ENERGY, Frequency=
   ************* Key=1FFirstFloorWest1:OpenOffice, VarName=ZONE MIXING SENSIBLE HEAT LOSS ENERGY, Frequency=
   ************* Key=1FFirstFloorWest1:OpenOffice, VarName=ZONE MIXING SENSIBLE HEAT GAIN ENERGY, Frequency=
   ************* Key=1FFirstFloorWest1:OpenOffice, VarName=ZONE MIXING STANDARD DENSITY VOLUME FLOW RATE, Frequency=
   ************* Key=1FFirstFloorWest1:OpenOffice, VarName=ZONE VENTILATION STANDARD DENSITY VOLUME FLOW RATE, Frequency=
   ************* Key=*, VarName=OTHER EQUIPMENT NATURALGAS RATE, Frequency=
   ************* Key=*, VarName=ZONE LIGHTS ELECTRIC POWER, Frequency=
   ************* Key=0FGroundFloorWest1:OpenOffice, VarName=ZONE VENTILATION SENSIBLE HEAT LOSS ENERGY, Frequency=
   ************* Key=0FGroundFloorWest1:OpenOffice, VarName=ZONE VENTILATION SENSIBLE HEAT GAIN ENERGY, Frequency=
   ************* Key=0FGroundFloorWest1:OpenOffice, VarName=ZONE MIXING SENSIBLE HEAT LOSS ENERGY, Frequency=
   ************* Key=0FGroundFloorWest1:OpenOffice, VarName=ZONE MIXING SENSIBLE HEAT GAIN ENERGY, Frequency=
   ************* Key=0FGroundFloorWest1:OpenOffice, VarName=ZONE MIXING STANDARD DENSITY VOLUME FLOW RATE, Frequency=
   ************* Key=0FGroundFloorWest1:OpenOffice, VarName=ZONE VENTILATION STANDARD DENSITY VOLUME FLOW RATE, Frequency=
   ************* Key=*, VarName=OTHER EQUIPMENT NATURALGAS RATE, Frequency=
   ************* Key=*, VarName=ZONE LIGHTS ELECTRIC POWER, Frequency=
   ************* Key=0FGroundFloorEast1:OpenOffice, VarName=ZONE VENTILATION SENSIBLE HEAT LOSS ENERGY, Frequency=
   ************* Key=0FGroundFloorEast1:OpenOffice, VarName=ZONE VENTILATION SENSIBLE HEAT GAIN ENERGY, Frequency=
   ************* Key=0FGroundFloorEast1:OpenOffice, VarName=ZONE MIXING SENSIBLE HEAT LOSS ENERGY, Frequency=
   ************* Key=0FGroundFloorEast1:OpenOffice, VarName=ZONE MIXING SENSIBLE HEAT GAIN ENERGY, Frequency=
   ************* Key=0FGroundFloorEast1:OpenOffice, VarName=ZONE MIXING STANDARD DENSITY VOLUME FLOW RATE, Frequency=
   ************* Key=0FGroundFloorEast1:OpenOffice, VarName=ZONE VENTILATION STANDARD DENSITY VOLUME FLOW RATE, Frequency=
   ************* Key=*, VarName=OTHER EQUIPMENT NATURALGAS RATE, Frequency=
   ************* Key=*, VarName=ZONE LIGHTS ELECTRIC POWER, Frequency=
   ************* Key=CoreCirculation1:Circulation, VarName=ZONE VENTILATION SENSIBLE HEAT LOSS ENERGY, Frequency=
   ************* Key=CoreCirculation1:Circulation, VarName=ZONE VENTILATION SENSIBLE HEAT GAIN ENERGY, Frequency=
   ************* Key=CoreCirculation1:Circulation, VarName=ZONE MIXING SENSIBLE HEAT LOSS ENERGY, Frequency=
   ************* Key=CoreCirculation1:Circulation, VarName=ZONE MIXING SENSIBLE HEAT GAIN ENERGY, Frequency=
   ************* Key=CoreCirculation1:Circulation, VarName=ZONE MIXING STANDARD DENSITY VOLUME FLOW RATE, Frequency=
   ************* Key=CoreCirculation1:Circulation, VarName=ZONE VENTILATION STANDARD DENSITY VOLUME FLOW RATE, Frequency=
   ************* Key=*, VarName=OTHER EQUIPMENT NATURALGAS RATE, Frequency=
   ************* Key=*, VarName=ZONE LIGHTS ELECTRIC POWER, Frequency=
   ************* Key=AtriumReception1:Reception, VarName=ZONE VENTILATION SENSIBLE HEAT LOSS ENERGY, Frequency=
   ************* Key=AtriumReception1:Reception, VarName=ZONE VENTILATION SENSIBLE HEAT GAIN ENERGY, Frequency=
   ************* Key=AtriumReception1:Reception, VarName=ZONE MIXING SENSIBLE HEAT LOSS ENERGY, Frequency=
   ************* Key=AtriumReception1:Reception, VarName=ZONE MIXING SENSIBLE HEAT GAIN ENERGY, Frequency=
   ************* Key=AtriumReception1:Reception, VarName=ZONE MIXING STANDARD DENSITY VOLUME FLOW RATE, Frequency=
   ************* Key=AtriumReception1:Reception, VarName=ZONE VENTILATION STANDARD DENSITY VOLUME FLOW RATE, Frequency=
   ************* Key=*, VarName=OTHER EQUIPMENT NATURALGAS RATE, Frequency=
   ************* Key=*, VarName=ZONE LIGHTS ELECTRIC POWER, Frequency=
   ************* Key=Block1:Zone1, VarName=ZONE VENTILATION SENSIBLE HEAT LOSS ENERGY, Frequency=
   ************* Key=Block1:Zone1, VarName=ZONE VENTILATION SENSIBLE HEAT GAIN ENERGY, Frequency=
   ************* Key=Block1:Zone1, VarName=ZONE MIXING SENSIBLE HEAT LOSS ENERGY, Frequency=
   ************* Key=Block1:Zone1, VarName=ZONE MIXING SENSIBLE HEAT GAIN ENERGY, Frequency=
   ************* Key=Block1:Zone1, VarName=ZONE MIXING STANDARD DENSITY VOLUME FLOW RATE, Frequency=
   ************* Key=Block1:Zone1, VarName=ZONE VENTILATION STANDARD DENSITY VOLUME FLOW RATE, Frequency=
   ************* Key=Block1:Zone1, VarName=ZONE MECHANICAL VENTILATION STANDARD DENSITY VOLUME FLOW RATE, Frequency=
   ************* Key=*, VarName=OTHER EQUIPMENT NATURALGAS RATE, Frequency=
   ************* Key=*, VarName=ZONE LIGHTS ELECTRIC POWER, Frequency=
   ************* There are 1 unused objects in input.
   ************* Use Output:Diagnostics,DisplayUnusedObjects; to see them.
   ************* There are 38 unused schedules in input.
   ************* There are 5 unused week schedules in input.
   ************* There are 7 unused day schedules in input.
   ************* Use Output:Diagnostics,DisplayUnusedSchedules; to see them.
   *************
   ************* ===== Final Error Summary =====
   ************* The following error categories occurred.  Consider correcting or noting.
   ************* Nominally Unused Constructions
   ************* ..The nominally unused constructions warning is provided to alert you to potential conditions that can cause
   ************* ..extra time during simulation. Each construction is calculated by the algorithm indicated in the HeatBalanceAlgorithm
   ************* ..object. You may remove the constructions indicated (when you use the DisplayExtraWarnings option).
   *************
   ************* EnergyPlus Warmup Error Summary. During Warmup: 0 Warning; 0 Severe Errors.
   ************* EnergyPlus Sizing Error Summary. During Sizing: 48 Warning; 0 Severe Errors.
   ************* EnergyPlus Completed Successfully-- 113 Warning; 0 Severe Errors; Elapsed Time=00hr 00min  6.22sec
